_start: 
_printf_cnt = 0

_malloc: 

_getchar: 

_printf: 

_read: 
Temp1 = call _getchar , 0
_ch = Temp1
Label :2	Temp2 = _ch LT 48
If Not Equal to Zero Temp2 Goto Label :3	
Goto label:4
Label :4	Temp3 = _ch GT 57
If Not Equal to Zero Temp3 Goto Label :3	
Goto label:1
Label :3	Temp5 = call _getchar , 0
_ch = Temp5
Temp4 = _ch
Goto label:2
Label :1	Temp7 = _ch SUB 48
_x = Temp7
Temp6 = _x
Return BasicParam _x

_print: 
_a = 12345
BasicParam Temp8
BasicParam _a
_printf_cnt = 2
Temp9 = call _printf , 2

_main: 
Temp10 = call _read , 0
_a = Temp10
Temp11 = call _read , 0
_b = Temp11
Temp12 = call _print , 0
BasicParam Temp13
BasicParam _a
BasicParam _b
_printf_cnt = 3
Temp14 = call _printf , 3

