A = 1
B = 1
C = 1
Label :95	Temp239 = C LT 536870912
If Not Equal to Zero Temp239 Goto Label :96	
Goto label:94
Label :97	Temp240 = C GT -536870912
If Not Equal to Zero Temp240 Goto Label :96	
Goto label:94
Label :96	Temp242 = C SUB A
Temp243 = Temp242 ADD B
Temp244 = A ADD B
Temp245 = Temp243 SUB Temp244
Temp246 = C SUB A
Temp247 = Temp246 ADD B
Temp248 = A ADD B
Temp249 = Temp247 SUB Temp248
Temp250 = Temp245 ADD Temp249
Temp251 = C SUB A
Temp252 = Temp251 ADD B
Temp253 = A ADD B
Temp254 = Temp252 SUB Temp253
Temp255 = C SUB A
Temp256 = Temp255 ADD B
Temp257 = Temp254 ADD Temp256
Temp258 = Temp250 ADD Temp257
Temp259 = A ADD B
Temp260 = C SUB A
Temp261 = Temp260 ADD B
Temp262 = Temp259 ADD Temp261
Temp263 = A ADD B
Temp264 = Temp262 SUB Temp263
Temp265 = C SUB A
Temp266 = Temp265 ADD B
Temp267 = A ADD B
Temp268 = Temp266 SUB Temp267
Temp269 = C SUB A
Temp270 = Temp269 ADD B
Temp271 = Temp268 ADD Temp270
Temp272 = Temp264 ADD Temp271
Temp273 = Temp258 SUB Temp272
Temp274 = A ADD B
Temp275 = C SUB A
Temp276 = Temp275 ADD B
Temp277 = Temp274 ADD Temp276
Temp278 = A ADD B
Temp279 = C SUB A
Temp280 = Temp279 ADD B
Temp281 = Temp278 ADD Temp280
Temp282 = Temp277 SUB Temp281
Temp283 = A ADD B
Temp284 = C SUB A
Temp285 = Temp284 ADD B
Temp286 = Temp283 ADD Temp285
Temp287 = A ADD B
Temp288 = Temp286 SUB Temp287
Temp289 = Temp282 SUB Temp288
Temp290 = C SUB A
Temp291 = Temp290 ADD B
Temp292 = A ADD B
Temp293 = Temp291 SUB Temp292
Temp294 = C SUB A
Temp295 = Temp294 ADD B
Temp296 = Temp293 ADD Temp295
Temp297 = A ADD B
Temp298 = C SUB A
Temp299 = Temp298 ADD B
Temp300 = Temp297 ADD Temp299
Temp301 = A ADD B
Temp302 = Temp300 SUB Temp301
Temp303 = Temp296 SUB Temp302
Temp304 = Temp289 ADD Temp303
Temp305 = Temp273 SUB Temp304
Temp306 = C SUB A
Temp307 = Temp306 ADD B
Temp308 = A ADD B
Temp309 = Temp307 SUB Temp308
Temp310 = C SUB A
Temp311 = Temp310 ADD B
Temp312 = A ADD B
Temp313 = Temp311 SUB Temp312
Temp314 = Temp309 ADD Temp313
Temp315 = C SUB A
Temp316 = Temp315 ADD B
Temp317 = A ADD B
Temp318 = Temp316 SUB Temp317
Temp319 = C SUB A
Temp320 = Temp319 ADD B
Temp321 = Temp318 ADD Temp320
Temp322 = Temp314 ADD Temp321
Temp323 = A ADD B
Temp324 = C SUB A
Temp325 = Temp324 ADD B
Temp326 = Temp323 ADD Temp325
Temp327 = A ADD B
Temp328 = Temp326 SUB Temp327
Temp329 = C SUB A
Temp330 = Temp329 ADD B
Temp331 = A ADD B
Temp332 = Temp330 SUB Temp331
Temp333 = C SUB A
Temp334 = Temp333 ADD B
Temp335 = Temp332 ADD Temp334
Temp336 = Temp328 ADD Temp335
Temp337 = Temp322 SUB Temp336
Temp338 = A ADD B
Temp339 = C SUB A
Temp340 = Temp339 ADD B
Temp341 = Temp338 ADD Temp340
Temp342 = A ADD B
Temp343 = Temp341 SUB Temp342
Temp344 = C SUB A
Temp345 = Temp344 ADD B
Temp346 = A ADD B
Temp347 = Temp345 SUB Temp346
Temp348 = C SUB A
Temp349 = Temp348 ADD B
Temp350 = Temp347 ADD Temp349
Temp351 = Temp343 ADD Temp350
Temp352 = A ADD B
Temp353 = C SUB A
Temp354 = Temp353 ADD B
Temp355 = Temp352 ADD Temp354
Temp356 = A ADD B
Temp357 = Temp355 SUB Temp356
Temp358 = C SUB A
Temp359 = Temp358 ADD B
Temp360 = A ADD B
Temp361 = Temp359 SUB Temp360
Temp362 = C SUB A
Temp363 = Temp362 ADD B
Temp364 = Temp361 ADD Temp363
Temp365 = Temp357 ADD Temp364
Temp366 = Temp351 SUB Temp365
Temp367 = Temp337 SUB Temp366
Temp368 = Temp305 ADD Temp367
Temp369 = A ADD B
Temp370 = C SUB A
Temp371 = Temp370 ADD B
Temp372 = Temp369 ADD Temp371
Temp373 = A ADD B
Temp374 = C SUB A
Temp375 = Temp374 ADD B
Temp376 = Temp373 ADD Temp375
Temp377 = Temp372 SUB Temp376
Temp378 = A ADD B
Temp379 = C SUB A
Temp380 = Temp379 ADD B
Temp381 = Temp378 ADD Temp380
Temp382 = A ADD B
Temp383 = Temp381 SUB Temp382
Temp384 = Temp377 SUB Temp383
Temp385 = C SUB A
Temp386 = Temp385 ADD B
Temp387 = A ADD B
Temp388 = Temp386 SUB Temp387
Temp389 = C SUB A
Temp390 = Temp389 ADD B
Temp391 = Temp388 ADD Temp390
Temp392 = A ADD B
Temp393 = C SUB A
Temp394 = Temp393 ADD B
Temp395 = Temp392 ADD Temp394
Temp396 = A ADD B
Temp397 = Temp395 SUB Temp396
Temp398 = Temp391 SUB Temp397
Temp399 = Temp384 ADD Temp398
Temp400 = C SUB A
Temp401 = Temp400 ADD B
Temp402 = A ADD B
Temp403 = Temp401 SUB Temp402
Temp404 = C SUB A
Temp405 = Temp404 ADD B
Temp406 = Temp403 ADD Temp405
Temp407 = A ADD B
Temp408 = C SUB A
Temp409 = Temp408 ADD B
Temp410 = Temp407 ADD Temp409
Temp411 = A ADD B
Temp412 = Temp410 SUB Temp411
Temp413 = Temp406 SUB Temp412
Temp414 = C SUB A
Temp415 = Temp414 ADD B
Temp416 = A ADD B
Temp417 = Temp415 SUB Temp416
Temp418 = C SUB A
Temp419 = Temp418 ADD B
Temp420 = Temp417 ADD Temp419
Temp421 = A ADD B
Temp422 = C SUB A
Temp423 = Temp422 ADD B
Temp424 = Temp421 ADD Temp423
Temp425 = A ADD B
Temp426 = Temp424 SUB Temp425
Temp427 = Temp420 SUB Temp426
Temp428 = Temp413 ADD Temp427
Temp429 = Temp399 ADD Temp428
Temp430 = C SUB A
Temp431 = Temp430 ADD B
Temp432 = A ADD B
Temp433 = Temp431 SUB Temp432
Temp434 = C SUB A
Temp435 = Temp434 ADD B
Temp436 = A ADD B
Temp437 = Temp435 SUB Temp436
Temp438 = Temp433 ADD Temp437
Temp439 = C SUB A
Temp440 = Temp439 ADD B
Temp441 = A ADD B
Temp442 = Temp440 SUB Temp441
Temp443 = C SUB A
Temp444 = Temp443 ADD B
Temp445 = Temp442 ADD Temp444
Temp446 = Temp438 ADD Temp445
Temp447 = A ADD B
Temp448 = C SUB A
Temp449 = Temp448 ADD B
Temp450 = Temp447 ADD Temp449
Temp451 = A ADD B
Temp452 = Temp450 SUB Temp451
Temp453 = C SUB A
Temp454 = Temp453 ADD B
Temp455 = A ADD B
Temp456 = Temp454 SUB Temp455
Temp457 = C SUB A
Temp458 = Temp457 ADD B
Temp459 = Temp456 ADD Temp458
Temp460 = Temp452 ADD Temp459
Temp461 = Temp446 SUB Temp460
Temp462 = A ADD B
Temp463 = C SUB A
Temp464 = Temp463 ADD B
Temp465 = Temp462 ADD Temp464
Temp466 = A ADD B
Temp467 = Temp465 SUB Temp466
Temp468 = C SUB A
Temp469 = Temp468 ADD B
Temp470 = A ADD B
Temp471 = Temp469 SUB Temp470
Temp472 = C SUB A
Temp473 = Temp472 ADD B
Temp474 = Temp471 ADD Temp473
Temp475 = Temp467 ADD Temp474
Temp476 = A ADD B
Temp477 = C SUB A
Temp478 = Temp477 ADD B
Temp479 = Temp476 ADD Temp478
Temp480 = A ADD B
Temp481 = Temp479 SUB Temp480
Temp482 = C SUB A
Temp483 = Temp482 ADD B
Temp484 = A ADD B
Temp485 = Temp483 SUB Temp484
Temp486 = C SUB A
Temp487 = Temp486 ADD B
Temp488 = Temp485 ADD Temp487
Temp489 = Temp481 ADD Temp488
Temp490 = Temp475 SUB Temp489
Temp491 = Temp461 SUB Temp490
Temp492 = Temp429 ADD Temp491
Temp493 = Temp368 SUB Temp492
A = Temp493
Temp241 = A
Temp495 = C SUB A
Temp496 = Temp495 ADD B
Temp497 = A ADD B
Temp498 = Temp496 SUB Temp497
Temp499 = C SUB A
Temp500 = Temp499 ADD B
Temp501 = A ADD B
Temp502 = Temp500 SUB Temp501
Temp503 = Temp498 ADD Temp502
Temp504 = C SUB A
Temp505 = Temp504 ADD B
Temp506 = A ADD B
Temp507 = Temp505 SUB Temp506
Temp508 = C SUB A
Temp509 = Temp508 ADD B
Temp510 = Temp507 ADD Temp509
Temp511 = Temp503 ADD Temp510
Temp512 = A ADD B
Temp513 = C SUB A
Temp514 = Temp513 ADD B
Temp515 = Temp512 ADD Temp514
Temp516 = A ADD B
Temp517 = Temp515 SUB Temp516
Temp518 = C SUB A
Temp519 = Temp518 ADD B
Temp520 = A ADD B
Temp521 = Temp519 SUB Temp520
Temp522 = C SUB A
Temp523 = Temp522 ADD B
Temp524 = Temp521 ADD Temp523
Temp525 = Temp517 ADD Temp524
Temp526 = Temp511 SUB Temp525
Temp527 = A ADD B
Temp528 = C SUB A
Temp529 = Temp528 ADD B
Temp530 = Temp527 ADD Temp529
Temp531 = A ADD B
Temp532 = C SUB A
Temp533 = Temp532 ADD B
Temp534 = Temp531 ADD Temp533
Temp535 = Temp530 SUB Temp534
Temp536 = A ADD B
Temp537 = C SUB A
Temp538 = Temp537 ADD B
Temp539 = Temp536 ADD Temp538
Temp540 = A ADD B
Temp541 = Temp539 SUB Temp540
Temp542 = Temp535 SUB Temp541
Temp543 = C SUB A
Temp544 = Temp543 ADD B
Temp545 = A ADD B
Temp546 = Temp544 SUB Temp545
Temp547 = C SUB A
Temp548 = Temp547 ADD B
Temp549 = Temp546 ADD Temp548
Temp550 = A ADD B
Temp551 = C SUB A
Temp552 = Temp551 ADD B
Temp553 = Temp550 ADD Temp552
Temp554 = A ADD B
Temp555 = Temp553 SUB Temp554
Temp556 = Temp549 SUB Temp555
Temp557 = Temp542 ADD Temp556
Temp558 = Temp526 SUB Temp557
Temp559 = C SUB A
Temp560 = Temp559 ADD B
Temp561 = A ADD B
Temp562 = Temp560 SUB Temp561
Temp563 = C SUB A
Temp564 = Temp563 ADD B
Temp565 = A ADD B
Temp566 = Temp564 SUB Temp565
Temp567 = Temp562 ADD Temp566
Temp568 = C SUB A
Temp569 = Temp568 ADD B
Temp570 = A ADD B
Temp571 = Temp569 SUB Temp570
Temp572 = C SUB A
Temp573 = Temp572 ADD B
Temp574 = Temp571 ADD Temp573
Temp575 = Temp567 ADD Temp574
Temp576 = A ADD B
Temp577 = C SUB A
Temp578 = Temp577 ADD B
Temp579 = Temp576 ADD Temp578
Temp580 = A ADD B
Temp581 = Temp579 SUB Temp580
Temp582 = C SUB A
Temp583 = Temp582 ADD B
Temp584 = A ADD B
Temp585 = Temp583 SUB Temp584
Temp586 = C SUB A
Temp587 = Temp586 ADD B
Temp588 = Temp585 ADD Temp587
Temp589 = Temp581 ADD Temp588
Temp590 = Temp575 SUB Temp589
Temp591 = A ADD B
Temp592 = C SUB A
Temp593 = Temp592 ADD B
Temp594 = Temp591 ADD Temp593
Temp595 = A ADD B
Temp596 = Temp594 SUB Temp595
Temp597 = C SUB A
Temp598 = Temp597 ADD B
Temp599 = A ADD B
Temp600 = Temp598 SUB Temp599
Temp601 = C SUB A
Temp602 = Temp601 ADD B
Temp603 = Temp600 ADD Temp602
Temp604 = Temp596 ADD Temp603
Temp605 = A ADD B
Temp606 = C SUB A
Temp607 = Temp606 ADD B
Temp608 = Temp605 ADD Temp607
Temp609 = A ADD B
Temp610 = Temp608 SUB Temp609
Temp611 = C SUB A
Temp612 = Temp611 ADD B
Temp613 = A ADD B
Temp614 = Temp612 SUB Temp613
Temp615 = C SUB A
Temp616 = Temp615 ADD B
Temp617 = Temp614 ADD Temp616
Temp618 = Temp610 ADD Temp617
Temp619 = Temp604 SUB Temp618
Temp620 = Temp590 SUB Temp619
Temp621 = Temp558 ADD Temp620
Temp622 = A ADD B
Temp623 = C SUB A
Temp624 = Temp623 ADD B
Temp625 = Temp622 ADD Temp624
Temp626 = A ADD B
Temp627 = C SUB A
Temp628 = Temp627 ADD B
Temp629 = Temp626 ADD Temp628
Temp630 = Temp625 SUB Temp629
Temp631 = A ADD B
Temp632 = C SUB A
Temp633 = Temp632 ADD B
Temp634 = Temp631 ADD Temp633
Temp635 = A ADD B
Temp636 = Temp634 SUB Temp635
Temp637 = Temp630 SUB Temp636
Temp638 = C SUB A
Temp639 = Temp638 ADD B
Temp640 = A ADD B
Temp641 = Temp639 SUB Temp640
Temp642 = C SUB A
Temp643 = Temp642 ADD B
Temp644 = Temp641 ADD Temp643
Temp645 = A ADD B
Temp646 = C SUB A
Temp647 = Temp646 ADD B
Temp648 = Temp645 ADD Temp647
Temp649 = A ADD B
Temp650 = Temp648 SUB Temp649
Temp651 = Temp644 SUB Temp650
Temp652 = Temp637 ADD Temp651
Temp653 = C SUB A
Temp654 = Temp653 ADD B
Temp655 = A ADD B
Temp656 = Temp654 SUB Temp655
Temp657 = C SUB A
Temp658 = Temp657 ADD B
Temp659 = Temp656 ADD Temp658
Temp660 = A ADD B
Temp661 = C SUB A
Temp662 = Temp661 ADD B
Temp663 = Temp660 ADD Temp662
Temp664 = A ADD B
Temp665 = Temp663 SUB Temp664
Temp666 = Temp659 SUB Temp665
Temp667 = C SUB A
Temp668 = Temp667 ADD B
Temp669 = A ADD B
Temp670 = Temp668 SUB Temp669
Temp671 = C SUB A
Temp672 = Temp671 ADD B
Temp673 = Temp670 ADD Temp672
Temp674 = A ADD B
Temp675 = C SUB A
Temp676 = Temp675 ADD B
Temp677 = Temp674 ADD Temp676
Temp678 = A ADD B
Temp679 = Temp677 SUB Temp678
Temp680 = Temp673 SUB Temp679
Temp681 = Temp666 ADD Temp680
Temp682 = Temp652 ADD Temp681
Temp683 = C SUB A
Temp684 = Temp683 ADD B
Temp685 = A ADD B
Temp686 = Temp684 SUB Temp685
Temp687 = C SUB A
Temp688 = Temp687 ADD B
Temp689 = A ADD B
Temp690 = Temp688 SUB Temp689
Temp691 = Temp686 ADD Temp690
Temp692 = C SUB A
Temp693 = Temp692 ADD B
Temp694 = A ADD B
Temp695 = Temp693 SUB Temp694
Temp696 = C SUB A
Temp697 = Temp696 ADD B
Temp698 = Temp695 ADD Temp697
Temp699 = Temp691 ADD Temp698
Temp700 = A ADD B
Temp701 = C SUB A
Temp702 = Temp701 ADD B
Temp703 = Temp700 ADD Temp702
Temp704 = A ADD B
Temp705 = Temp703 SUB Temp704
Temp706 = C SUB A
Temp707 = Temp706 ADD B
Temp708 = A ADD B
Temp709 = Temp707 SUB Temp708
Temp710 = C SUB A
Temp711 = Temp710 ADD B
Temp712 = Temp709 ADD Temp711
Temp713 = Temp705 ADD Temp712
Temp714 = Temp699 SUB Temp713
Temp715 = A ADD B
Temp716 = C SUB A
Temp717 = Temp716 ADD B
Temp718 = Temp715 ADD Temp717
Temp719 = A ADD B
Temp720 = Temp718 SUB Temp719
Temp721 = C SUB A
Temp722 = Temp721 ADD B
Temp723 = A ADD B
Temp724 = Temp722 SUB Temp723
Temp725 = C SUB A
Temp726 = Temp725 ADD B
Temp727 = Temp724 ADD Temp726
Temp728 = Temp720 ADD Temp727
Temp729 = A ADD B
Temp730 = C SUB A
Temp731 = Temp730 ADD B
Temp732 = Temp729 ADD Temp731
Temp733 = A ADD B
Temp734 = Temp732 SUB Temp733
Temp735 = C SUB A
Temp736 = Temp735 ADD B
Temp737 = A ADD B
Temp738 = Temp736 SUB Temp737
Temp739 = C SUB A
Temp740 = Temp739 ADD B
Temp741 = Temp738 ADD Temp740
Temp742 = Temp734 ADD Temp741
Temp743 = Temp728 SUB Temp742
Temp744 = Temp714 SUB Temp743
Temp745 = Temp682 ADD Temp744
Temp746 = Temp621 SUB Temp745
B = Temp746
Temp494 = B
Temp748 = C SUB A
Temp749 = Temp748 ADD B
Temp750 = A ADD B
Temp751 = Temp749 SUB Temp750
Temp752 = C SUB A
Temp753 = Temp752 ADD B
Temp754 = A ADD B
Temp755 = Temp753 SUB Temp754
Temp756 = Temp751 ADD Temp755
Temp757 = C SUB A
Temp758 = Temp757 ADD B
Temp759 = A ADD B
Temp760 = Temp758 SUB Temp759
Temp761 = C SUB A
Temp762 = Temp761 ADD B
Temp763 = Temp760 ADD Temp762
Temp764 = Temp756 ADD Temp763
Temp765 = A ADD B
Temp766 = C SUB A
Temp767 = Temp766 ADD B
Temp768 = Temp765 ADD Temp767
Temp769 = A ADD B
Temp770 = Temp768 SUB Temp769
Temp771 = C SUB A
Temp772 = Temp771 ADD B
Temp773 = A ADD B
Temp774 = Temp772 SUB Temp773
Temp775 = C SUB A
Temp776 = Temp775 ADD B
Temp777 = Temp774 ADD Temp776
Temp778 = Temp770 ADD Temp777
Temp779 = Temp764 SUB Temp778
Temp780 = A ADD B
Temp781 = C SUB A
Temp782 = Temp781 ADD B
Temp783 = Temp780 ADD Temp782
Temp784 = A ADD B
Temp785 = C SUB A
Temp786 = Temp785 ADD B
Temp787 = Temp784 ADD Temp786
Temp788 = Temp783 SUB Temp787
Temp789 = A ADD B
Temp790 = C SUB A
Temp791 = Temp790 ADD B
Temp792 = Temp789 ADD Temp791
Temp793 = A ADD B
Temp794 = Temp792 SUB Temp793
Temp795 = Temp788 SUB Temp794
Temp796 = C SUB A
Temp797 = Temp796 ADD B
Temp798 = A ADD B
Temp799 = Temp797 SUB Temp798
Temp800 = C SUB A
Temp801 = Temp800 ADD B
Temp802 = Temp799 ADD Temp801
Temp803 = A ADD B
Temp804 = C SUB A
Temp805 = Temp804 ADD B
Temp806 = Temp803 ADD Temp805
Temp807 = A ADD B
Temp808 = Temp806 SUB Temp807
Temp809 = Temp802 SUB Temp808
Temp810 = Temp795 ADD Temp809
Temp811 = Temp779 SUB Temp810
Temp812 = C SUB A
Temp813 = Temp812 ADD B
Temp814 = A ADD B
Temp815 = Temp813 SUB Temp814
Temp816 = C SUB A
Temp817 = Temp816 ADD B
Temp818 = A ADD B
Temp819 = Temp817 SUB Temp818
Temp820 = Temp815 ADD Temp819
Temp821 = C SUB A
Temp822 = Temp821 ADD B
Temp823 = A ADD B
Temp824 = Temp822 SUB Temp823
Temp825 = C SUB A
Temp826 = Temp825 ADD B
Temp827 = Temp824 ADD Temp826
Temp828 = Temp820 ADD Temp827
Temp829 = A ADD B
Temp830 = C SUB A
Temp831 = Temp830 ADD B
Temp832 = Temp829 ADD Temp831
Temp833 = A ADD B
Temp834 = Temp832 SUB Temp833
Temp835 = C SUB A
Temp836 = Temp835 ADD B
Temp837 = A ADD B
Temp838 = Temp836 SUB Temp837
Temp839 = C SUB A
Temp840 = Temp839 ADD B
Temp841 = Temp838 ADD Temp840
Temp842 = Temp834 ADD Temp841
Temp843 = Temp828 SUB Temp842
Temp844 = A ADD B
Temp845 = C SUB A
Temp846 = Temp845 ADD B
Temp847 = Temp844 ADD Temp846
Temp848 = A ADD B
Temp849 = Temp847 SUB Temp848
Temp850 = C SUB A
Temp851 = Temp850 ADD B
Temp852 = A ADD B
Temp853 = Temp851 SUB Temp852
Temp854 = C SUB A
Temp855 = Temp854 ADD B
Temp856 = Temp853 ADD Temp855
Temp857 = Temp849 ADD Temp856
Temp858 = A ADD B
Temp859 = C SUB A
Temp860 = Temp859 ADD B
Temp861 = Temp858 ADD Temp860
Temp862 = A ADD B
Temp863 = Temp861 SUB Temp862
Temp864 = C SUB A
Temp865 = Temp864 ADD B
Temp866 = A ADD B
Temp867 = Temp865 SUB Temp866
Temp868 = C SUB A
Temp869 = Temp868 ADD B
Temp870 = Temp867 ADD Temp869
Temp871 = Temp863 ADD Temp870
Temp872 = Temp857 SUB Temp871
Temp873 = Temp843 SUB Temp872
Temp874 = Temp811 ADD Temp873
Temp875 = A ADD B
Temp876 = C SUB A
Temp877 = Temp876 ADD B
Temp878 = Temp875 ADD Temp877
Temp879 = A ADD B
Temp880 = C SUB A
Temp881 = Temp880 ADD B
Temp882 = Temp879 ADD Temp881
Temp883 = Temp878 SUB Temp882
Temp884 = A ADD B
Temp885 = C SUB A
Temp886 = Temp885 ADD B
Temp887 = Temp884 ADD Temp886
Temp888 = A ADD B
Temp889 = Temp887 SUB Temp888
Temp890 = Temp883 SUB Temp889
Temp891 = C SUB A
Temp892 = Temp891 ADD B
Temp893 = A ADD B
Temp894 = Temp892 SUB Temp893
Temp895 = C SUB A
Temp896 = Temp895 ADD B
Temp897 = Temp894 ADD Temp896
Temp898 = A ADD B
Temp899 = C SUB A
Temp900 = Temp899 ADD B
Temp901 = Temp898 ADD Temp900
Temp902 = A ADD B
Temp903 = Temp901 SUB Temp902
Temp904 = Temp897 SUB Temp903
Temp905 = Temp890 ADD Temp904
Temp906 = C SUB A
Temp907 = Temp906 ADD B
Temp908 = A ADD B
Temp909 = Temp907 SUB Temp908
Temp910 = C SUB A
Temp911 = Temp910 ADD B
Temp912 = Temp909 ADD Temp911
Temp913 = A ADD B
Temp914 = C SUB A
Temp915 = Temp914 ADD B
Temp916 = Temp913 ADD Temp915
Temp917 = A ADD B
Temp918 = Temp916 SUB Temp917
Temp919 = Temp912 SUB Temp918
Temp920 = C SUB A
Temp921 = Temp920 ADD B
Temp922 = A ADD B
Temp923 = Temp921 SUB Temp922
Temp924 = C SUB A
Temp925 = Temp924 ADD B
Temp926 = Temp923 ADD Temp925
Temp927 = A ADD B
Temp928 = C SUB A
Temp929 = Temp928 ADD B
Temp930 = Temp927 ADD Temp929
Temp931 = A ADD B
Temp932 = Temp930 SUB Temp931
Temp933 = Temp926 SUB Temp932
Temp934 = Temp919 ADD Temp933
Temp935 = Temp905 ADD Temp934
Temp936 = C SUB A
Temp937 = Temp936 ADD B
Temp938 = A ADD B
Temp939 = Temp937 SUB Temp938
Temp940 = C SUB A
Temp941 = Temp940 ADD B
Temp942 = A ADD B
Temp943 = Temp941 SUB Temp942
Temp944 = Temp939 ADD Temp943
Temp945 = C SUB A
Temp946 = Temp945 ADD B
Temp947 = A ADD B
Temp948 = Temp946 SUB Temp947
Temp949 = C SUB A
Temp950 = Temp949 ADD B
Temp951 = Temp948 ADD Temp950
Temp952 = Temp944 ADD Temp951
Temp953 = A ADD B
Temp954 = C SUB A
Temp955 = Temp954 ADD B
Temp956 = Temp953 ADD Temp955
Temp957 = A ADD B
Temp958 = Temp956 SUB Temp957
Temp959 = C SUB A
Temp960 = Temp959 ADD B
Temp961 = A ADD B
Temp962 = Temp960 SUB Temp961
Temp963 = C SUB A
Temp964 = Temp963 ADD B
Temp965 = Temp962 ADD Temp964
Temp966 = Temp958 ADD Temp965
Temp967 = Temp952 SUB Temp966
Temp968 = A ADD B
Temp969 = C SUB A
Temp970 = Temp969 ADD B
Temp971 = Temp968 ADD Temp970
Temp972 = A ADD B
Temp973 = Temp971 SUB Temp972
Temp974 = C SUB A
Temp975 = Temp974 ADD B
Temp976 = A ADD B
Temp977 = Temp975 SUB Temp976
Temp978 = C SUB A
Temp979 = Temp978 ADD B
Temp980 = Temp977 ADD Temp979
Temp981 = Temp973 ADD Temp980
Temp982 = A ADD B
Temp983 = C SUB A
Temp984 = Temp983 ADD B
Temp985 = Temp982 ADD Temp984
Temp986 = A ADD B
Temp987 = Temp985 SUB Temp986
Temp988 = C SUB A
Temp989 = Temp988 ADD B
Temp990 = A ADD B
Temp991 = Temp989 SUB Temp990
Temp992 = C SUB A
Temp993 = Temp992 ADD B
Temp994 = Temp991 ADD Temp993
Temp995 = Temp987 ADD Temp994
Temp996 = Temp981 SUB Temp995
Temp997 = Temp967 SUB Temp996
Temp998 = Temp935 ADD Temp997
Temp999 = Temp874 SUB Temp998
C = Temp999
Temp747 = C
Goto label:95
Label :94	Temp1000 = &"%d %d %d
"
BasicParam Temp1000
BasicParam A
BasicParam B
BasicParam C
call printf , 4
Return BasicParam 0

