_start: 
_printf_cnt = 0

_malloc: 

_getchar: 

_printf: 

_hanoi: 
Temp1 = n GT 1
If Not Equal to Zero Temp1 Goto Label :2	
Goto label:3
Label :2	Temp2 = n SUB 1
BasicParam a
BasicParam c
BasicParam b
BasicParam Temp2
Temp3 = call _hanoi , 4
BasicParam Temp4
BasicParam a
BasicParam c
_printf_cnt = 3
Temp5 = call _printf , 3
Temp6 = n SUB 1
BasicParam b
BasicParam a
BasicParam c
BasicParam Temp6
Temp7 = call _hanoi , 4
Goto label:1
Label :3	BasicParam Temp8
BasicParam a
BasicParam c
_printf_cnt = 3
Temp9 = call _printf , 3
Label :1	
_main: 
_N = 12
Temp10 = _N
Temp11 = _N GT 0
If Not Equal to Zero Temp11 Goto Label :5	
Goto label:4
Label :5	BasicParam 97
BasicParam 98
BasicParam 99
BasicParam _N
Temp12 = call _hanoi , 4
Label :4	Return BasicParam 0

