_start: 
_printf_cnt = 0
_SIZE = 15

_malloc: 

_getchar: 

_printf: 

_plus: 
_add = 0
Temp1 = _add
_j = 0
Temp2 = _j
Label :2	Temp3 = _j LT SIZE
If Not Equal to Zero Temp3 Goto Label :3	
Goto label:1
Label :3	Temp5 = 0
Temp6 = _j MUL 4
Temp5 = Temp5 ADD Temp6
Temp7 = _a ADD Temp5
Temp8 = *Temp7, 4
Temp9 = 0
Temp10 = _j MUL 4
Temp9 = Temp9 ADD Temp10
Temp11 = _b ADD Temp9
Temp12 = *Temp11, 4
Temp13 = Temp8 ADD Temp12
Temp14 = Temp13 ADD _add
Temp15 = 0
Temp16 = _j MUL 4
Temp15 = Temp15 ADD Temp16
Temp17 = _c ADD Temp15
*Temp17 = Temp14 , 4
Temp4 = *Temp17, 4
Temp4 = *Temp17, 4
_add = 0
Temp19 = _add
Temp20 = 0
Temp21 = _j MUL 4
Temp20 = Temp20 ADD Temp21
Temp22 = _c ADD Temp20
Temp23 = *Temp22, 4
Temp24 = Temp23 GT 9
If Not Equal to Zero Temp24 Goto Label :5	
Goto label:4
Label :5	Temp26 = 0
Temp27 = _j MUL 4
Temp26 = Temp26 ADD Temp27
Temp28 = _c ADD Temp26
Temp29 = *Temp28, 4
Temp30 = Temp29 SUB 10
Temp31 = 0
Temp32 = _j MUL 4
Temp31 = Temp31 ADD Temp32
Temp33 = _c ADD Temp31
*Temp33 = Temp30 , 4
Temp25 = *Temp33, 4
Temp25 = *Temp33, 4
_add = 1
Temp35 = _add
Label :4	Temp38 = _j ADD 1
_j = Temp38
Temp37 = _j
Temp36 = Temp37 SUB 1
Goto label:2
Label :1	Temp39 = _add GT 0
If Not Equal to Zero Temp39 Goto Label :7	
Goto label:8
Label :7	Temp41 = 0
Temp42 = _j MUL 4
Temp41 = Temp41 ADD Temp42
Temp43 = _c ADD Temp41
*Temp43 = 1 , 4
Temp40 = *Temp43, 4
Temp40 = *Temp43, 4
Return BasicParam _j
Goto label:6
Label :8	Temp45 = _j SUB 1
Return BasicParam Temp45
Label :6	
_printIntB: 
Label :10	Temp46 = L GE 0
If Not Equal to Zero Temp46 Goto Label :11	
Goto label:9
Label :11	Temp48 = 0
Temp49 = L MUL 4
Temp48 = Temp48 ADD Temp49
Temp50 = _b ADD Temp48
Temp51 = *Temp50, 4
BasicParam Temp47
BasicParam Temp51
_printf_cnt = 2
Temp52 = call _printf , 2
Temp55 = L SUB 1
L = Temp55
Temp54 = L
Temp53 = Temp54 ADD 1
Goto label:10
Label :9	BasicParam Temp56
_printf_cnt = 1
Temp57 = call _printf , 1

_printIntA: 
Label :13	Temp58 = L GE 0
If Not Equal to Zero Temp58 Goto Label :14	
Goto label:12
Label :14	Temp60 = 0
Temp61 = L MUL 4
Temp60 = Temp60 ADD Temp61
Temp62 = _a ADD Temp60
Temp63 = *Temp62, 4
BasicParam Temp59
BasicParam Temp63
_printf_cnt = 2
Temp64 = call _printf , 2
Temp67 = L SUB 1
L = Temp67
Temp66 = L
Temp65 = Temp66 ADD 1
Goto label:13
Label :12	BasicParam Temp68
_printf_cnt = 1
Temp69 = call _printf , 1

_printBigInt: 
Label :16	Temp70 = L GE 0
If Not Equal to Zero Temp70 Goto Label :17	
Goto label:15
Label :17	Temp72 = 0
Temp73 = L MUL 4
Temp72 = Temp72 ADD Temp73
Temp74 = _c ADD Temp72
Temp75 = *Temp74, 4
BasicParam Temp71
BasicParam Temp75
_printf_cnt = 2
Temp76 = call _printf , 2
Temp79 = L SUB 1
L = Temp79
Temp78 = L
Temp77 = Temp78 ADD 1
Goto label:16
Label :15	BasicParam Temp80
_printf_cnt = 1
Temp81 = call _printf , 1

_main: 
_i = 0
Temp82 = _i
Label :19	Temp83 = _i LT _SIZE
If Not Equal to Zero Temp83 Goto Label :20	
Goto label:18
Label :20	Temp84 = _i LT 9
If Not Equal to Zero Temp84 Goto Label :22	
Goto label:23
Label :22	Temp86 = _i ADD 1
Temp87 = 0
Temp88 = _i MUL 4
Temp87 = Temp87 ADD Temp88
Temp89 = _a ADD Temp87
*Temp89 = Temp86 , 4
Temp85 = *Temp89, 4
Temp85 = *Temp89, 4
Goto label:21
Label :23	Temp92 = _i SUB 9
Temp93 = 0
Temp94 = _i MUL 4
Temp93 = Temp93 ADD Temp94
Temp95 = _a ADD Temp93
*Temp95 = Temp92 , 4
Temp91 = *Temp95, 4
Temp91 = *Temp95, 4
Label :21	Temp99 = _i ADD 1
_i = Temp99
Temp98 = _i
Temp97 = Temp98 SUB 1
Goto label:19
Label :18	_i = 0
Temp100 = _i
Label :25	Temp101 = _i LT _SIZE
If Not Equal to Zero Temp101 Goto Label :26	
Goto label:24
Label :26	Temp102 = _SIZE DIV 2
Temp103 = _i LT Temp102
If Not Equal to Zero Temp103 Goto Label :28	
Goto label:29
Label :28	Temp105 = 0
Temp106 = _i MUL 4
Temp105 = Temp105 ADD Temp106
Temp107 = _b ADD Temp105
*Temp107 = 7 , 4
Temp104 = *Temp107, 4
Temp104 = *Temp107, 4
Goto label:27
Label :29	Temp110 = 0
Temp111 = _i MUL 4
Temp110 = Temp110 ADD Temp111
Temp112 = _b ADD Temp110
*Temp112 = 3 , 4
Temp109 = *Temp112, 4
Temp109 = *Temp112, 4
Label :27	Temp116 = _i ADD 1
_i = Temp116
Temp115 = _i
Temp114 = Temp115 SUB 1
Goto label:25
Label :24	Temp117 = _SIZE SUB 1
BasicParam Temp117
Temp118 = call _printIntA , 1
Temp119 = _SIZE SUB 1
BasicParam Temp119
Temp120 = call _printIntB , 1
BasicParam _SIZE
Temp122 = call _plus , 1
_L = Temp122
Temp121 = _L
BasicParam _L
Temp123 = call _printBigInt , 1
Return BasicParam 0

