Temp1401 = &"%d"
BasicParam Temp1401
BasicParam A
call printf , 2
Return BasicParam 1

BasicParam A
call inline1 , 1
a = 1
Temp1404 = a
Return BasicParam 1

a = 0
Temp1405 = a
Temp1406 = &"%d"
BasicParam Temp1406
BasicParam a
call printf , 2
BasicParam 9
BasicParam a
call inline2 , 2
Temp1409 = &"%d"
BasicParam Temp1409
BasicParam a
call printf , 2
a = 2
Temp1411 = a
BasicParam a
call inline1 , 1
Temp1413 = &"%d"
BasicParam Temp1413
BasicParam a
call printf , 2
Temp1415 = &"
"
BasicParam Temp1415
call printf , 1
Return BasicParam 0

