_start: 
_printf_cnt = 0

_malloc: 

_getchar: 

_printf: 

_manyArguments: 
BasicParam Temp1
BasicParam a
_printf_cnt = 2
Temp2 = call _printf , 2
BasicParam Temp3
BasicParam b
_printf_cnt = 2
Temp4 = call _printf , 2
BasicParam Temp5
BasicParam c
_printf_cnt = 2
Temp6 = call _printf , 2
BasicParam Temp7
BasicParam d
_printf_cnt = 2
Temp8 = call _printf , 2
BasicParam Temp9
BasicParam e
_printf_cnt = 2
Temp10 = call _printf , 2
BasicParam Temp11
BasicParam f
_printf_cnt = 2
Temp12 = call _printf , 2

_main: 
Temp13 = 5 ADD 6
BasicParam 0
BasicParam 1
BasicParam 2
BasicParam 3
BasicParam 4
BasicParam Temp13
Temp14 = call _manyArguments , 6
Temp15 = 7 ADD 5
Temp16 = 5 SUB 6
BasicParam 0
BasicParam 1
BasicParam 2
BasicParam Temp15
BasicParam 4
BasicParam Temp16
Temp17 = call _manyArguments , 6
Return BasicParam 0

