_start: 
_printf_cnt = 0

_malloc: 

_getchar: 

_printf: 

_build: 
_i = 1
Temp1 = _i
Label :2	Temp2 = _i LE 49
If Not Equal to Zero Temp2 Goto Label :3	
Goto label:1
Label :3	_j = 50
Temp3 = _j
Label :5	Temp4 = 98 SUB _i
Temp5 = Temp4 ADD 1
Temp6 = _j LE Temp5
If Not Equal to Zero Temp6 Goto Label :6	
Goto label:4
Label :6	Temp8 = 0
Temp9 = _i MUL 440
Temp8 = Temp8 ADD Temp9
Temp10 = _j MUL 4
Temp8 = Temp8 ADD Temp10
Temp11 = _c ADD Temp8
*Temp11 = 1 , 4
Temp7 = *Temp11, 4
Temp7 = *Temp11, 4
Temp15 = _j ADD 1
_j = Temp15
Temp14 = _j
Temp13 = Temp14 SUB 1
Goto label:5
Label :4	Temp18 = _i ADD 1
_i = Temp18
Temp17 = _i
Temp16 = Temp17 SUB 1
Goto label:2
Label :1	_i = 1
Temp19 = _i
Label :8	Temp20 = _i LE 49
If Not Equal to Zero Temp20 Goto Label :9	
Goto label:7
Label :9	Temp22 = 0
Temp23 = start MUL 440
Temp22 = Temp22 ADD Temp23
Temp24 = _i MUL 4
Temp22 = Temp22 ADD Temp24
Temp25 = _c ADD Temp22
*Temp25 = 1 , 4
Temp21 = *Temp25, 4
Temp21 = *Temp25, 4
Temp29 = _i ADD 1
_i = Temp29
Temp28 = _i
Temp27 = Temp28 SUB 1
Goto label:8
Label :7	_i = 50
Temp30 = _i
Label :11	Temp31 = _i LE 98
If Not Equal to Zero Temp31 Goto Label :12	
Goto label:10
Label :12	Temp33 = 0
Temp34 = _i MUL 440
Temp33 = Temp33 ADD Temp34
Temp35 = ending MUL 4
Temp33 = Temp33 ADD Temp35
Temp36 = _c ADD Temp33
*Temp36 = 1 , 4
Temp32 = *Temp36, 4
Temp32 = *Temp36, 4
Temp40 = _i ADD 1
_i = Temp40
Temp39 = _i
Temp38 = Temp39 SUB 1
Goto label:11
Label :10	Return BasicParam 0

_find: 
_open = 0
Temp41 = _open
_closed = 1
Temp42 = _closed
_i = 1
Temp43 = _i
Label :14	Temp44 = _i LE ending
If Not Equal to Zero Temp44 Goto Label :15	
Goto label:13
Label :15	Temp46 = 0
Temp47 = _i MUL 4
Temp46 = Temp46 ADD Temp47
Temp48 = _visit ADD Temp46
*Temp48 = 0 , 4
Temp45 = *Temp48, 4
Temp45 = *Temp48, 4
Temp52 = _i ADD 1
_i = Temp52
Temp51 = _i
Temp50 = Temp51 SUB 1
Goto label:14
Label :13	_f[4] = start , 4
Temp53 = _f[4] , 4
Temp53 = *_f, 4
Temp56 = 0
Temp57 = start MUL 4
Temp56 = Temp56 ADD Temp57
Temp58 = _visit ADD Temp56
*Temp58 = 1 , 4
Temp55 = *Temp58, 4
Temp55 = *Temp58, 4
Temp61 = 0
Temp62 = start MUL 4
Temp61 = Temp61 ADD Temp62
Temp63 = _pre ADD Temp61
*Temp63 = 0 , 4
Temp60 = *Temp63, 4
Temp60 = *Temp63, 4
flag = 0
Temp65 = flag
Label :17	Temp66 = _open LT _closed
If Not Equal to Zero Temp66 Goto Label :19	
Goto label:16
Label :19	Temp67 = flag EQ 0
If Not Equal to Zero Temp67 Goto Label :18	
Goto label:16
Label :18	Temp70 = _open ADD 1
_open = Temp70
Temp69 = _open
Temp68 = Temp69 SUB 1
Temp72 = 0
Temp73 = _open MUL 4
Temp72 = Temp72 ADD Temp73
Temp74 = _f ADD Temp72
Temp75 = *Temp74, 4
_i = Temp75
Temp71 = _i
_j = 1
Temp76 = _j
Label :21	Temp77 = _j LE ending
If Not Equal to Zero Temp77 Goto Label :22	
Goto label:20
Label :22	Temp78 = 0
Temp79 = _i MUL 440
Temp78 = Temp78 ADD Temp79
Temp80 = _j MUL 4
Temp78 = Temp78 ADD Temp80
Temp81 = _c ADD Temp78
Temp82 = *Temp81, 4
Temp83 = Temp82 GT 0
If Not Equal to Zero Temp83 Goto Label :25	
Goto label:23
Label :25	Temp84 = 0
Temp85 = _j MUL 4
Temp84 = Temp84 ADD Temp85
Temp86 = _visit ADD Temp84
Temp87 = *Temp86, 4
Temp88 = Temp87 EQ 0
If Not Equal to Zero Temp88 Goto Label :24	
Goto label:23
Label :24	Temp90 = 0
Temp91 = _j MUL 4
Temp90 = Temp90 ADD Temp91
Temp92 = _visit ADD Temp90
*Temp92 = 1 , 4
Temp89 = *Temp92, 4
Temp89 = *Temp92, 4
Temp96 = _closed ADD 1
_closed = Temp96
Temp95 = _closed
Temp94 = Temp95 SUB 1
Temp98 = 0
Temp99 = _closed MUL 4
Temp98 = Temp98 ADD Temp99
Temp100 = _f ADD Temp98
*Temp100 = _j , 4
Temp97 = *Temp100, 4
Temp97 = *Temp100, 4
Temp103 = 0
Temp104 = _j MUL 4
Temp103 = Temp103 ADD Temp104
Temp105 = _pre ADD Temp103
*Temp105 = _i , 4
Temp102 = *Temp105, 4
Temp102 = *Temp105, 4
Temp107 = _closed EQ ending
If Not Equal to Zero Temp107 Goto Label :27	
Goto label:26
Label :27	flag = 1
Temp108 = flag
Label :26	Label :23	Temp111 = _j ADD 1
_j = Temp111
Temp110 = _j
Temp109 = Temp110 SUB 1
Goto label:21
Label :20	Goto label:17
Label :16	Return BasicParam flag

_improve: 
_i = ending
Temp112 = _i
Temp115 = _ans ADD 1
_ans = Temp115
Temp114 = _ans
Temp113 = Temp114 SUB 1
Label :29	Temp116 = 0
Temp117 = _i MUL 4
Temp116 = Temp116 ADD Temp117
Temp118 = _pre ADD Temp116
Temp119 = *Temp118, 4
Temp120 = Temp119 GT 0
If Not Equal to Zero Temp120 Goto Label :30	
Goto label:28
Label :30	Temp122 = 0
Temp123 = _i MUL 4
Temp122 = Temp122 ADD Temp123
Temp124 = _pre ADD Temp122
Temp125 = *Temp124, 4
_j = Temp125
Temp121 = _j
Temp128 = 0
Temp129 = _j MUL 440
Temp128 = Temp128 ADD Temp129
Temp130 = _i MUL 4
Temp128 = Temp128 ADD Temp130
Temp131 = _c ADD Temp128
Temp132 = *Temp131, 4
Temp133 = Temp132 SUB 1
Temp134 = 0
Temp135 = _j MUL 440
Temp134 = Temp134 ADD Temp135
Temp136 = _i MUL 4
Temp134 = Temp134 ADD Temp136
Temp137 = _c ADD Temp134
*Temp137 = Temp133 , 4
Temp127 = *Temp137, 4
Temp127 = *Temp137, 4
Temp126 = Temp127 ADD 1
Temp141 = 0
Temp142 = _i MUL 440
Temp141 = Temp141 ADD Temp142
Temp143 = _j MUL 4
Temp141 = Temp141 ADD Temp143
Temp144 = _c ADD Temp141
Temp145 = *Temp144, 4
Temp146 = Temp145 ADD 1
Temp147 = 0
Temp148 = _i MUL 440
Temp147 = Temp147 ADD Temp148
Temp149 = _j MUL 4
Temp147 = Temp147 ADD Temp149
Temp150 = _c ADD Temp147
*Temp150 = Temp146 , 4
Temp140 = *Temp150, 4
Temp140 = *Temp150, 4
Temp139 = Temp140 SUB 1
_i = _j
Temp152 = _i
Goto label:29
Label :28	Return BasicParam 0

_main: 
_k = 0
Temp153 = _k
_start = 19
Temp154 = _start
_ending = 20
Temp155 = _ending
_flag = 0
Temp156 = _flag
BasicParam _start
BasicParam _ending
Temp157 = call _build , 2
Label :32	BasicParam _ending
BasicParam _start
BasicParam _flag
Temp158 = call _find , 3
Temp159 = Temp158 GT 0
If Not Equal to Zero Temp159 Goto Label :33	
Goto label:31
Label :33	BasicParam _ending
Temp160 = call _improve , 1
Goto label:32
Label :31	BasicParam Temp161
BasicParam _ans
_printf_cnt = 2
Temp162 = call _printf , 2
Return BasicParam 0

