_start: 
_printf_cnt = 0

_malloc: 

_getchar: 

_printf: 

_main: 
_a = 10000
_b = 0
_c = 2800
_d = 0
_e = 0
_g = 0
Label :2	Temp1 = _b SUB _c
If Not Equal to Zero Temp1 Goto Label :3	
Goto label:1
Label :3	Temp3 = _a DIV 5
Temp4 = _b
_b = _b ADD 1
Temp5 = 0
Temp6 = Temp4 MUL 4
Temp5 = Temp5 ADD Temp6
Temp7 = _f ADD Temp5
*Temp7 = Temp3 , 4
Goto label:2
Label :1	Label :5	_d = 0
Temp9 = _d
Temp11 = _c MUL 2
_g = Temp11
Temp10 = _g
If Not Equal to Zero Temp10 Goto Label :6	
Goto label:4
Label :6	_b = _c
Temp12 = _b
Label :8	Temp14 = 0
Temp15 = _b MUL 4
Temp14 = Temp14 ADD Temp15
Temp16 = _f ADD Temp14
Temp17 = *Temp16, 4
Temp18 = Temp17 MUL _a
Temp19 = _d ADD Temp18
_d = Temp19
Temp13 = _d
_g = _g SUB 1
Temp21 = _d MOD _g
Temp22 = 0
Temp23 = _b MUL 4
Temp22 = Temp22 ADD Temp23
Temp24 = _f ADD Temp22
*Temp24 = Temp21 , 4
Temp27 = _g
_g = _g SUB 1
Temp28 = _d DIV Temp27
_d = Temp28
Temp26 = _d
_b = _b SUB 1
If Not Equal to Zero _b Goto Label :9	
Goto label:7
Label :9	Temp30 = _d MUL _b
_d = Temp30
Temp29 = _d
Goto label:8
Label :7	Temp32 = _c SUB 14
_c = Temp32
Temp31 = _c
Temp34 = _d DIV _a
Temp35 = _e ADD Temp34
BasicParam Temp33
BasicParam Temp35
_printf_cnt = 2
Temp36 = call _printf , 2
Temp38 = _d MOD _a
_e = Temp38
Temp37 = _e
Goto label:5
Label :4	BasicParam Temp39
_printf_cnt = 1
Temp40 = call _printf , 1
Return BasicParam 0

