_start: 
_printf_cnt = 0

_malloc: 

_getchar: 

_printf: 

_xprint: 
Temp1 = 0 EQ 1
If Not Equal to Zero Temp1 Goto Label :2	
Goto label:1
Label :2	BasicParam Temp2
BasicParam x
_printf_cnt = 2
Temp3 = call _printf , 2
Label :1	
_xprinti: 
Temp4 = 0 EQ 1
If Not Equal to Zero Temp4 Goto Label :4	
Goto label:3
Label :4	BasicParam Temp5
BasicParam i
_printf_cnt = 2
Temp6 = call _printf , 2
Label :3	
_getPrime: 
_count = 2
Temp7 = _count
_i = 2
Temp8 = _i
Label :6	Temp9 = _i LE N
If Not Equal to Zero Temp9 Goto Label :7	
Goto label:5
Label :7	Temp12 = _i MUL 4
Temp11 = bool ADD Temp12
Temp10 = *Temp11, 4
Temp13 = Temp10 EQ 1
If Not Equal to Zero Temp13 Goto Label :9	
Goto label:8
Label :9	Temp17 = 0 MUL 4
Temp16 = primeCount ADD Temp17
Temp15 = *Temp16, 4
Temp18 = Temp15 ADD 1
Temp20 = 4 MUL 0
Temp19 = primeCount ADD Temp20
*Temp19 = Temp18 , 4
Temp14 = *Temp19, 4
Temp24 = 0 MUL 4
Temp23 = primeCount ADD Temp24
Temp22 = *Temp23, 4
Temp26 = 4 MUL Temp22
Temp25 = prime ADD Temp26
*Temp25 = _i , 4
Temp21 = *Temp25, 4
Temp30 = 0 MUL 4
Temp29 = primeCount ADD Temp30
Temp28 = *Temp29, 4
Temp32 = 4 MUL _i
Temp31 = gps ADD Temp32
*Temp31 = Temp28 , 4
Temp27 = *Temp31, 4
Label :8	Label :11	Temp33 = _i MUL _count
Temp34 = Temp33 LE N
If Not Equal to Zero Temp34 Goto Label :12	
Goto label:10
Label :12	Temp36 = _i MUL _count
Temp38 = 4 MUL Temp36
Temp37 = bool ADD Temp38
*Temp37 = 0 , 4
Temp35 = *Temp37, 4
Temp40 = _count ADD 1
_count = Temp40
Temp39 = _count
Goto label:11
Label :10	_count = 2
Temp41 = _count
Temp43 = _i ADD 1
_i = Temp43
Temp42 = _i
Goto label:6
Label :5	
_getResult: 
Temp44 = 0
Temp45 = k1 MUL 680
Temp44 = Temp44 ADD Temp45
Temp46 = k2 MUL 4
Temp44 = Temp44 ADD Temp46
Temp47 = result ADD Temp44
Temp48 = *Temp47, 4
Temp49 = Temp48 EQ -1
If Not Equal to Zero Temp49 Goto Label :14	
Goto label:13
Label :14	Temp52 = k2 MUL 4
Temp51 = prime ADD Temp52
Temp50 = *Temp51, 4
Temp53 = Temp50 MUL 2
Temp56 = k1 MUL 4
Temp55 = prime ADD Temp56
Temp54 = *Temp55, 4
Temp57 = Temp53 SUB Temp54
Temp58 = Temp57 LE N
If Not Equal to Zero Temp58 Goto Label :16	
Goto label:15
Label :16	Temp61 = k2 MUL 4
Temp60 = prime ADD Temp61
Temp59 = *Temp60, 4
Temp62 = Temp59 MUL 2
Temp65 = k1 MUL 4
Temp64 = prime ADD Temp65
Temp63 = *Temp64, 4
Temp66 = Temp62 SUB Temp63
Temp69 = Temp66 MUL 4
Temp68 = bool ADD Temp69
Temp67 = *Temp68, 4
If Not Equal to Zero Temp67 Goto Label :18	
Goto label:17
Label :18	Temp73 = k2 MUL 4
Temp72 = prime ADD Temp73
Temp71 = *Temp72, 4
Temp74 = Temp71 MUL 2
Temp77 = k1 MUL 4
Temp76 = prime ADD Temp77
Temp75 = *Temp76, 4
Temp78 = Temp74 SUB Temp75
Temp81 = Temp78 MUL 4
Temp80 = gps ADD Temp81
Temp79 = *Temp80, 4
BasicParam N
BasicParam k2
BasicParam Temp79
BasicParam bool
BasicParam gps
BasicParam prime
BasicParam result
Temp82 = call _getResult , 7
Temp83 = Temp82 ADD 1
Temp84 = 0
Temp85 = k1 MUL 680
Temp84 = Temp84 ADD Temp85
Temp86 = k2 MUL 4
Temp84 = Temp84 ADD Temp86
Temp87 = result ADD Temp84
*Temp87 = Temp83 , 4
Temp70 = *Temp87, 4
Temp70 = *Temp87, 4
Label :17	Label :15	Label :13	Temp89 = 0
Temp90 = k1 MUL 680
Temp89 = Temp89 ADD Temp90
Temp91 = k2 MUL 4
Temp89 = Temp89 ADD Temp91
Temp92 = result ADD Temp89
Temp93 = *Temp92, 4
Temp94 = Temp93 EQ -1
If Not Equal to Zero Temp94 Goto Label :20	
Goto label:19
Label :20	Temp96 = 0
Temp97 = k1 MUL 680
Temp96 = Temp96 ADD Temp97
Temp98 = k2 MUL 4
Temp96 = Temp96 ADD Temp98
Temp99 = result ADD Temp96
*Temp99 = 1 , 4
Temp95 = *Temp99, 4
Temp95 = *Temp99, 4
Label :19	Temp101 = 0
Temp102 = k1 MUL 680
Temp101 = Temp101 ADD Temp102
Temp103 = k2 MUL 4
Temp101 = Temp101 ADD Temp103
Temp104 = result ADD Temp101
Temp105 = *Temp104, 4
Return BasicParam Temp105

_printF: 
BasicParam k1
Temp106 = call _xprinti , 1
Label :22	Temp107 = k3 GT 0
If Not Equal to Zero Temp107 Goto Label :23	
Goto label:21
Label :23	BasicParam Temp108
Temp109 = call _xprint , 1
BasicParam k2
Temp110 = call _xprinti , 1
Temp112 = k2 MUL 2
Temp113 = Temp112 SUB k1
k2 = Temp113
Temp111 = k2
Temp115 = k1 ADD k2
Temp116 = Temp115 DIV 2
k1 = Temp116
Temp114 = k1
Temp118 = k3 SUB 1
k3 = Temp118
Temp117 = k3
Goto label:22
Label :21	BasicParam Temp119
Temp120 = call _xprint , 1

_main: 
_N = 1000
Temp121 = _N
Temp123 = call _getchar , 0
Temp124 = Temp123 SUB 48
Temp125 = 100 MUL Temp124
Temp126 = call _getchar , 0
Temp127 = Temp126 SUB 48
Temp128 = 10 MUL Temp127
Temp129 = Temp125 ADD Temp128
Temp130 = call _getchar , 0
Temp131 = Temp129 ADD Temp130
Temp132 = Temp131 SUB 48
_M = Temp132
Temp122 = _M
_primeCount = 0
Temp133 = _primeCount
_resultCount = 0
Temp134 = _resultCount
*_tmp = 0 , 4
Temp135 = *_tmp, 4
Temp135 = *_tmp, 4
_i = 0
Temp137 = _i
Label :25	Temp138 = _N ADD 1
Temp139 = _i LT Temp138
If Not Equal to Zero Temp139 Goto Label :26	
Goto label:24
Label :26	Temp141 = 0
Temp142 = _i MUL 4
Temp141 = Temp141 ADD Temp142
Temp143 = _bool ADD Temp141
*Temp143 = 1 , 4
Temp140 = *Temp143, 4
Temp140 = *Temp143, 4
Temp146 = 0
Temp147 = _i MUL 4
Temp146 = Temp146 ADD Temp147
Temp148 = _gps ADD Temp146
*Temp148 = 0 , 4
Temp145 = *Temp148, 4
Temp145 = *Temp148, 4
Temp151 = _i ADD 1
_i = Temp151
Temp150 = _i
Goto label:25
Label :24	_i = 0
Temp152 = _i
Label :28	Temp153 = _M ADD 1
Temp154 = _i LT Temp153
If Not Equal to Zero Temp154 Goto Label :29	
Goto label:27
Label :29	Temp156 = 0
Temp157 = _i MUL 4
Temp156 = Temp156 ADD Temp157
Temp158 = _prime ADD Temp156
*Temp158 = 0 , 4
Temp155 = *Temp158, 4
Temp155 = *Temp158, 4
Temp161 = _i ADD 1
_i = Temp161
Temp160 = _i
Goto label:28
Label :27	_i = 0
Temp162 = _i
Label :31	Temp163 = _i LE _M
If Not Equal to Zero Temp163 Goto Label :32	
Goto label:30
Label :32	_j = 0
Temp164 = _j
Label :34	Temp165 = _j LE _M
If Not Equal to Zero Temp165 Goto Label :35	
Goto label:33
Label :35	Temp167 = 0
Temp168 = _i MUL 680
Temp167 = Temp167 ADD Temp168
Temp169 = _j MUL 4
Temp167 = Temp167 ADD Temp169
Temp170 = _result ADD Temp167
*Temp170 = -1 , 4
Temp166 = *Temp170, 4
Temp166 = *Temp170, 4
Temp173 = _j ADD 1
_j = Temp173
Temp172 = _j
Goto label:34
Label :33	Temp175 = _i ADD 1
_i = Temp175
Temp174 = _i
Goto label:31
Label :30	BasicParam _N
BasicParam _tmp
BasicParam _bool
BasicParam _gps
BasicParam _prime
Temp176 = call _getPrime , 5
Temp178 = *_tmp, 4
_primeCount = Temp178
Temp177 = _primeCount
_i = 1
Temp179 = _i
Label :37	Temp180 = _i LT _primeCount
If Not Equal to Zero Temp180 Goto Label :38	
Goto label:36
Label :38	Temp182 = _i ADD 1
_j = Temp182
Temp181 = _j
Label :40	Temp183 = _j LE _primeCount
If Not Equal to Zero Temp183 Goto Label :41	
Goto label:39
Label :41	Temp184 = 0
Temp185 = _i MUL 680
Temp184 = Temp184 ADD Temp185
Temp186 = _j MUL 4
Temp184 = Temp184 ADD Temp186
Temp187 = _result ADD Temp184
Temp188 = *Temp187, 4
Temp189 = Temp188 EQ -1
If Not Equal to Zero Temp189 Goto Label :43	
Goto label:42
Label :43	BasicParam _N
BasicParam _i
BasicParam _j
BasicParam _bool
BasicParam _gps
BasicParam _prime
BasicParam _result
Temp191 = call _getResult , 7
Temp192 = 0
Temp193 = _i MUL 680
Temp192 = Temp192 ADD Temp193
Temp194 = _j MUL 4
Temp192 = Temp192 ADD Temp194
Temp195 = _result ADD Temp192
*Temp195 = Temp191 , 4
Temp190 = *Temp195, 4
Temp190 = *Temp195, 4
Temp197 = 0
Temp198 = _i MUL 680
Temp197 = Temp197 ADD Temp198
Temp199 = _j MUL 4
Temp197 = Temp197 ADD Temp199
Temp200 = _result ADD Temp197
Temp201 = *Temp200, 4
Temp202 = Temp201 GT 1
If Not Equal to Zero Temp202 Goto Label :45	
Goto label:44
Label :45	Temp203 = 0
Temp204 = _i MUL 4
Temp203 = Temp203 ADD Temp204
Temp205 = _prime ADD Temp203
Temp206 = *Temp205, 4
Temp207 = 0
Temp208 = _j MUL 4
Temp207 = Temp207 ADD Temp208
Temp209 = _prime ADD Temp207
Temp210 = *Temp209, 4
Temp211 = 0
Temp212 = _i MUL 680
Temp211 = Temp211 ADD Temp212
Temp213 = _j MUL 4
Temp211 = Temp211 ADD Temp213
Temp214 = _result ADD Temp211
Temp215 = *Temp214, 4
BasicParam Temp206
BasicParam Temp210
BasicParam Temp215
Temp216 = call _printF , 3
Temp218 = _resultCount ADD 1
_resultCount = Temp218
Temp217 = _resultCount
Label :44	Label :42	Temp220 = _j ADD 1
_j = Temp220
Temp219 = _j
Goto label:40
Label :39	Temp222 = _i ADD 1
_i = Temp222
Temp221 = _i
Goto label:37
Label :36	BasicParam Temp223
BasicParam _resultCount
_printf_cnt = 2
Temp224 = call _printf , 2
Return BasicParam 0

