n = 10000
i = l
j = r
Temp2294 = l ADD r
Temp2295 = Temp2294 DIV 2
Temp2296 = 0
Temp2297 = Temp2295 MUL 4
Temp2296 = Temp2296 ADD Temp2297
Temp2298 = a ADD Temp2296
Temp2299 = *Temp2298, 4
x = Temp2299
Label :415	Temp2300 = i LE j
If Not Equal to Zero Temp2300 Goto Label :416	
Goto label:414
Label :416	Label :418	Temp2301 = 0
Temp2302 = i MUL 4
Temp2301 = Temp2301 ADD Temp2302
Temp2303 = a ADD Temp2301
Temp2304 = *Temp2303, 4
Temp2305 = Temp2304 LT x
If Not Equal to Zero Temp2305 Goto Label :419	
Goto label:417
Label :419	Temp2306 = i
i = i ADD 1
Goto label:418
Label :417	Label :421	Temp2307 = 0
Temp2308 = j MUL 4
Temp2307 = Temp2307 ADD Temp2308
Temp2309 = a ADD Temp2307
Temp2310 = *Temp2309, 4
Temp2311 = Temp2310 GT x
If Not Equal to Zero Temp2311 Goto Label :422	
Goto label:420
Label :422	Temp2312 = j
j = j SUB 1
Goto label:421
Label :420	Temp2313 = i LE j
If Not Equal to Zero Temp2313 Goto Label :424	
Goto label:425
Label :424	Temp2314 = 0
Temp2315 = i MUL 4
Temp2314 = Temp2314 ADD Temp2315
Temp2316 = a ADD Temp2314
Temp2317 = *Temp2316, 4
temp = Temp2317
Temp2319 = 0
Temp2320 = j MUL 4
Temp2319 = Temp2319 ADD Temp2320
Temp2321 = a ADD Temp2319
Temp2322 = *Temp2321, 4
Temp2323 = 0
Temp2324 = i MUL 4
Temp2323 = Temp2323 ADD Temp2324
Temp2325 = a ADD Temp2323
*Temp2325 = Temp2322 , 4
Temp2328 = 0
Temp2329 = j MUL 4
Temp2328 = Temp2328 ADD Temp2329
Temp2330 = a ADD Temp2328
*Temp2330 = temp , 4
Temp2332 = i
i = i ADD 1
Temp2333 = j
j = j SUB 1
Goto label:423
Label :425	Label :423	Goto label:415
Label :414	Temp2334 = l LT j
If Not Equal to Zero Temp2334 Goto Label :427	
Goto label:428
Label :427	BasicParam l
BasicParam j
call qsrt , 2
Goto label:426
Label :428	Label :426	Temp2336 = i LT r
If Not Equal to Zero Temp2336 Goto Label :430	
Goto label:431
Label :430	BasicParam i
BasicParam r
call qsrt , 2
Goto label:429
Label :431	Label :429	Return BasicParam 0

i = 1
Temp2338 = i
Label :433	Temp2339 = i LE n
If Not Equal to Zero Temp2339 Goto Label :434	
Goto label:432
Label :434	Temp2341 = n ADD 1
Temp2342 = Temp2341 SUB i
Temp2343 = 0
Temp2344 = i MUL 4
Temp2343 = Temp2343 ADD Temp2344
Temp2345 = a ADD Temp2343
*Temp2345 = Temp2342 , 4
Temp2347 = i
i = i ADD 1
Goto label:433
Label :432	BasicParam 1
BasicParam n
call qsrt , 2
i = 1
Temp2349 = i
Label :436	Temp2350 = i LE n
If Not Equal to Zero Temp2350 Goto Label :437	
Goto label:435
Label :437	Temp2351 = &"%d "
Temp2352 = 0
Temp2353 = i MUL 4
Temp2352 = Temp2352 ADD Temp2353
Temp2354 = a ADD Temp2352
Temp2355 = *Temp2354, 4
BasicParam Temp2351
BasicParam Temp2355
call printf , 2
Temp2357 = i
i = i ADD 1
Goto label:436
Label :435	Temp2358 = &"
"
BasicParam Temp2358
call printf , 1
Return BasicParam 0

