_start: 
_printf_cnt = 0
_f = _str_ptr_1

_malloc: 

_getchar: 

_printf: 

_main: 
BasicParam _f
BasicParam 10
BasicParam 34
BasicParam _f
BasicParam 34
BasicParam 10
_printf_cnt = 6
Temp1 = call _printf , 6

