a[0] = 1 , 4
a[4] = 69 , 1
a[5] = 10 , 4
Temp4483 = &"%c%c	"
Temp4484 = a[4] , 1
Temp4485 = a[5] , 4
BasicParam Temp4483
BasicParam Temp4484
BasicParam Temp4485
call printf , 3
Temp4487 = &"%d %d %d %d
"
Temp4488 = a[0] , 4
Temp4489 = a[5] , 4
BasicParam Temp4487
BasicParam 12
BasicParam 12
BasicParam 4
BasicParam 4
call printf , 5
Temp4492 = a[4] , 1
bb[0] = Temp4492 , 1
Temp4494 = a[5] , 4
bb[0] = Temp4494 , 1
Temp4495 = &"%c %c
"
Temp4496 = bb[0] , 1
Temp4497 = bb[0] , 1
BasicParam Temp4495
BasicParam Temp4496
BasicParam Temp4497
call printf , 3
bb[0] = 2 , 4
Temp4500 = &"%d
"
Temp4501 = bb[0] , 1
Temp4502 = Temp4501 EQ 2
BasicParam Temp4500
BasicParam Temp4502
call printf , 2
Return BasicParam 0

