_start: 
_printf_cnt = 0
_size1 = 5
_size2 = 5
_forStructArray_1[0] = _struct_member_1 , 4
_forStructArray_1[4] = _struct_member_2 , 4
_forStructArray_1[12] = _struct_member_3 , 4
_a[0] = _forStructArray_1 , 4
_forStructArray_2[0] = _struct_member_4 , 4
_forStructArray_2[4] = _struct_member_5 , 4
_forStructArray_2[12] = _struct_member_6 , 4
_a[20] = _forStructArray_2 , 4
_forStructArray_3[0] = _struct_member_7 , 4
_forStructArray_3[4] = _struct_member_8 , 4
_forStructArray_3[12] = _struct_member_9 , 4
_a[40] = _forStructArray_3 , 4
_forStructArray_4[0] = _struct_member_10 , 4
_forStructArray_4[4] = _struct_member_11 , 4
_forStructArray_4[12] = _struct_member_12 , 4
_a[60] = _forStructArray_4 , 4
_forStructArray_5[0] = _struct_member_13 , 4
_forStructArray_5[4] = _struct_member_14 , 4
_forStructArray_5[12] = _struct_member_15 , 4
_a[80] = _forStructArray_5 , 4

_malloc: 

_getchar: 

_printf: 

_comp1: 
Temp1 = in1[0] , 4
Temp2 = in2[0] , 4
Temp3 = Temp1 NE Temp2
If Not Equal to Zero Temp3 Goto Label :2	
Goto label:3
Label :2	Return BasicParam 0
Goto label:1
Label :3	Return BasicParam 1
Label :1	
_compare: 
_j = 0
_i = 0
Temp4 = _i
Label :5	Temp5 = _i LT _size1
If Not Equal to Zero Temp5 Goto Label :6	
Goto label:4
Label :6	_j = 0
Temp6 = _j
Label :8	Temp7 = _j LT _size1
If Not Equal to Zero Temp7 Goto Label :9	
Goto label:7
Label :9	Temp8 = node1[0] , 100
Temp9 = 0
Temp10 = _i MUL 20
Temp9 = Temp9 ADD Temp10
Temp11 = _j MUL 4
Temp9 = Temp9 ADD Temp11
Temp12 = Temp8 ADD Temp9
Temp13 = *Temp12, 4
Temp14 = node2[0] , 100
Temp15 = 0
Temp16 = _i MUL 20
Temp15 = Temp15 ADD Temp16
Temp17 = _j MUL 4
Temp15 = Temp15 ADD Temp17
Temp18 = Temp14 ADD Temp15
Temp19 = *Temp18, 4
Temp20 = Temp13 NE Temp19
If Not Equal to Zero Temp20 Goto Label :11	
Goto label:10
Label :11	Return BasicParam 0
Label :10	Temp22 = _j ADD 1
_j = Temp22
Temp21 = _j
Goto label:8
Label :7	Temp24 = _i ADD 1
_i = Temp24
Temp23 = _i
Goto label:5
Label :4	Temp25 = node1[4] , 8
Temp26 = *Temp25, 4
Temp27 = node2[4] , 8
Temp28 = *Temp27, 4
Temp29 = Temp26 NE Temp28
If Not Equal to Zero Temp29 Goto Label :13	
Goto label:14
Label :13	Return BasicParam 0
Goto label:12
Label :14	Temp30 = node1[4] , 8
Temp31 = Temp30[4] , 4
Temp32 = node2[4] , 8
Temp33 = Temp32[4] , 4
Temp34 = Temp31 NE Temp33
If Not Equal to Zero Temp34 Goto Label :16	
Goto label:17
Label :16	Return BasicParam 0
Goto label:15
Label :17	Temp35 = node1[12] , 8
Temp36 = node2[12] , 8
Temp38 = Temp35[0] , 4
Temp37[0] = Temp38 , 4
Temp40 = Temp36[0] , 4
Temp39[0] = Temp40 , 4
MemoryParam Temp37 ,8
MemoryParam Temp39 ,8
Temp41 = call _comp1 , 2
Return BasicParam Temp41
Label :15	Label :12	Temp42 =  MINUS 1
Return BasicParam Temp42

_getNode: 
Temp45 = 0
Temp46 = i MUL 20
Temp45 = Temp45 ADD Temp46
Temp47 = _a ADD Temp45
Temp48 = *Temp47, 20
Temp49 = Temp48[8] , 4
Temp50 = Temp49 ADD 1
Temp51 = 0
Temp52 = i MUL 20
Temp51 = Temp51 ADD Temp52
Temp53 = _a ADD Temp51
Temp54 = *Temp53, 20
Temp54[8] = Temp50 , 4
Temp43 = Temp44 SUB 1
Temp55 = 0
Temp56 = i MUL 20
Temp55 = Temp55 ADD Temp56
Temp57 = _a ADD Temp55
Temp58 = *Temp57, 20
Return BasicParam Temp58

_exchange: 
_temp[0] = _struct_member_16 , 4
_temp[4] = _struct_member_17 , 4
_temp[12] = _struct_member_18 , 4
Temp59 = *node1, 20
Temp60 = Temp59[0] , 4
Temp61 = _temp[0] , 4
Temp62 = Temp60[0] , 4
Temp61[0] = Temp62 , 4
Temp63 = Temp60[4] , 4
Temp61[4] = Temp63 , 4
Temp64 = Temp60[8] , 4
Temp61[8] = Temp64 , 4
Temp65 = Temp60[12] , 4
Temp61[12] = Temp65 , 4
Temp66 = Temp60[16] , 4
Temp61[16] = Temp66 , 4
Temp67 = Temp60[20] , 4
Temp61[20] = Temp67 , 4
Temp68 = Temp60[24] , 4
Temp61[24] = Temp68 , 4
Temp69 = Temp60[28] , 4
Temp61[28] = Temp69 , 4
Temp70 = Temp60[32] , 4
Temp61[32] = Temp70 , 4
Temp71 = Temp60[36] , 4
Temp61[36] = Temp71 , 4
Temp72 = Temp60[40] , 4
Temp61[40] = Temp72 , 4
Temp73 = Temp60[44] , 4
Temp61[44] = Temp73 , 4
Temp74 = Temp60[48] , 4
Temp61[48] = Temp74 , 4
Temp75 = Temp60[52] , 4
Temp61[52] = Temp75 , 4
Temp76 = Temp60[56] , 4
Temp61[56] = Temp76 , 4
Temp77 = Temp60[60] , 4
Temp61[60] = Temp77 , 4
Temp78 = Temp60[64] , 4
Temp61[64] = Temp78 , 4
Temp79 = Temp60[68] , 4
Temp61[68] = Temp79 , 4
Temp80 = Temp60[72] , 4
Temp61[72] = Temp80 , 4
Temp81 = Temp60[76] , 4
Temp61[76] = Temp81 , 4
Temp82 = Temp60[80] , 4
Temp61[80] = Temp82 , 4
Temp83 = Temp60[84] , 4
Temp61[84] = Temp83 , 4
Temp84 = Temp60[88] , 4
Temp61[88] = Temp84 , 4
Temp85 = Temp60[92] , 4
Temp61[92] = Temp85 , 4
Temp86 = Temp60[96] , 4
Temp61[96] = Temp86 , 4
Temp87 = Temp59[8] , 4
_temp[8] = Temp87 , 4
Temp88 = Temp59[4] , 4
Temp89 = _temp[4] , 4
Temp90 = Temp88[0] , 4
Temp89[0] = Temp90 , 4
Temp91 = Temp88[4] , 4
Temp89[4] = Temp91 , 4
Temp92 = Temp59[12] , 4
_temp[12] = Temp92 , 4
Temp94 = *node2, 20
Temp95 = *node1, 20
Temp96 = Temp94[0] , 4
Temp97 = Temp95[0] , 4
Temp98 = Temp96[0] , 4
Temp97[0] = Temp98 , 4
Temp99 = Temp96[4] , 4
Temp97[4] = Temp99 , 4
Temp100 = Temp96[8] , 4
Temp97[8] = Temp100 , 4
Temp101 = Temp96[12] , 4
Temp97[12] = Temp101 , 4
Temp102 = Temp96[16] , 4
Temp97[16] = Temp102 , 4
Temp103 = Temp96[20] , 4
Temp97[20] = Temp103 , 4
Temp104 = Temp96[24] , 4
Temp97[24] = Temp104 , 4
Temp105 = Temp96[28] , 4
Temp97[28] = Temp105 , 4
Temp106 = Temp96[32] , 4
Temp97[32] = Temp106 , 4
Temp107 = Temp96[36] , 4
Temp97[36] = Temp107 , 4
Temp108 = Temp96[40] , 4
Temp97[40] = Temp108 , 4
Temp109 = Temp96[44] , 4
Temp97[44] = Temp109 , 4
Temp110 = Temp96[48] , 4
Temp97[48] = Temp110 , 4
Temp111 = Temp96[52] , 4
Temp97[52] = Temp111 , 4
Temp112 = Temp96[56] , 4
Temp97[56] = Temp112 , 4
Temp113 = Temp96[60] , 4
Temp97[60] = Temp113 , 4
Temp114 = Temp96[64] , 4
Temp97[64] = Temp114 , 4
Temp115 = Temp96[68] , 4
Temp97[68] = Temp115 , 4
Temp116 = Temp96[72] , 4
Temp97[72] = Temp116 , 4
Temp117 = Temp96[76] , 4
Temp97[76] = Temp117 , 4
Temp118 = Temp96[80] , 4
Temp97[80] = Temp118 , 4
Temp119 = Temp96[84] , 4
Temp97[84] = Temp119 , 4
Temp120 = Temp96[88] , 4
Temp97[88] = Temp120 , 4
Temp121 = Temp96[92] , 4
Temp97[92] = Temp121 , 4
Temp122 = Temp96[96] , 4
Temp97[96] = Temp122 , 4
Temp123 = Temp94[8] , 4
Temp95[8] = Temp123 , 4
Temp124 = Temp94[4] , 4
Temp125 = Temp95[4] , 4
Temp126 = Temp124[0] , 4
Temp125[0] = Temp126 , 4
Temp127 = Temp124[4] , 4
Temp125[4] = Temp127 , 4
Temp128 = Temp94[12] , 4
Temp95[12] = Temp128 , 4
Temp93 = Temp95
Temp130 = *node2, 20
Temp131 = _temp[0] , 4
Temp132 = Temp130[0] , 4
Temp133 = Temp131[0] , 4
Temp132[0] = Temp133 , 4
Temp134 = Temp131[4] , 4
Temp132[4] = Temp134 , 4
Temp135 = Temp131[8] , 4
Temp132[8] = Temp135 , 4
Temp136 = Temp131[12] , 4
Temp132[12] = Temp136 , 4
Temp137 = Temp131[16] , 4
Temp132[16] = Temp137 , 4
Temp138 = Temp131[20] , 4
Temp132[20] = Temp138 , 4
Temp139 = Temp131[24] , 4
Temp132[24] = Temp139 , 4
Temp140 = Temp131[28] , 4
Temp132[28] = Temp140 , 4
Temp141 = Temp131[32] , 4
Temp132[32] = Temp141 , 4
Temp142 = Temp131[36] , 4
Temp132[36] = Temp142 , 4
Temp143 = Temp131[40] , 4
Temp132[40] = Temp143 , 4
Temp144 = Temp131[44] , 4
Temp132[44] = Temp144 , 4
Temp145 = Temp131[48] , 4
Temp132[48] = Temp145 , 4
Temp146 = Temp131[52] , 4
Temp132[52] = Temp146 , 4
Temp147 = Temp131[56] , 4
Temp132[56] = Temp147 , 4
Temp148 = Temp131[60] , 4
Temp132[60] = Temp148 , 4
Temp149 = Temp131[64] , 4
Temp132[64] = Temp149 , 4
Temp150 = Temp131[68] , 4
Temp132[68] = Temp150 , 4
Temp151 = Temp131[72] , 4
Temp132[72] = Temp151 , 4
Temp152 = Temp131[76] , 4
Temp132[76] = Temp152 , 4
Temp153 = Temp131[80] , 4
Temp132[80] = Temp153 , 4
Temp154 = Temp131[84] , 4
Temp132[84] = Temp154 , 4
Temp155 = Temp131[88] , 4
Temp132[88] = Temp155 , 4
Temp156 = Temp131[92] , 4
Temp132[92] = Temp156 , 4
Temp157 = Temp131[96] , 4
Temp132[96] = Temp157 , 4
Temp158 = _temp[8] , 4
Temp130[8] = Temp158 , 4
Temp159 = _temp[4] , 4
Temp160 = Temp130[4] , 4
Temp161 = Temp159[0] , 4
Temp160[0] = Temp161 , 4
Temp162 = Temp159[4] , 4
Temp160[4] = Temp162 , 4
Temp163 = _temp[12] , 4
Temp130[12] = Temp163 , 4
Temp129 = Temp130

_comp: 
_node1[0] = _struct_member_19 , 4
_node1[4] = _struct_member_20 , 4
_node1[12] = _struct_member_21 , 4
BasicParam i
Temp164 = call _getNode , 1
Temp165 = Temp164[0] , 4
Temp166 = _node1[0] , 4
Temp167 = Temp165[0] , 4
Temp166[0] = Temp167 , 4
Temp168 = Temp165[4] , 4
Temp166[4] = Temp168 , 4
Temp169 = Temp165[8] , 4
Temp166[8] = Temp169 , 4
Temp170 = Temp165[12] , 4
Temp166[12] = Temp170 , 4
Temp171 = Temp165[16] , 4
Temp166[16] = Temp171 , 4
Temp172 = Temp165[20] , 4
Temp166[20] = Temp172 , 4
Temp173 = Temp165[24] , 4
Temp166[24] = Temp173 , 4
Temp174 = Temp165[28] , 4
Temp166[28] = Temp174 , 4
Temp175 = Temp165[32] , 4
Temp166[32] = Temp175 , 4
Temp176 = Temp165[36] , 4
Temp166[36] = Temp176 , 4
Temp177 = Temp165[40] , 4
Temp166[40] = Temp177 , 4
Temp178 = Temp165[44] , 4
Temp166[44] = Temp178 , 4
Temp179 = Temp165[48] , 4
Temp166[48] = Temp179 , 4
Temp180 = Temp165[52] , 4
Temp166[52] = Temp180 , 4
Temp181 = Temp165[56] , 4
Temp166[56] = Temp181 , 4
Temp182 = Temp165[60] , 4
Temp166[60] = Temp182 , 4
Temp183 = Temp165[64] , 4
Temp166[64] = Temp183 , 4
Temp184 = Temp165[68] , 4
Temp166[68] = Temp184 , 4
Temp185 = Temp165[72] , 4
Temp166[72] = Temp185 , 4
Temp186 = Temp165[76] , 4
Temp166[76] = Temp186 , 4
Temp187 = Temp165[80] , 4
Temp166[80] = Temp187 , 4
Temp188 = Temp165[84] , 4
Temp166[84] = Temp188 , 4
Temp189 = Temp165[88] , 4
Temp166[88] = Temp189 , 4
Temp190 = Temp165[92] , 4
Temp166[92] = Temp190 , 4
Temp191 = Temp165[96] , 4
Temp166[96] = Temp191 , 4
Temp192 = Temp164[8] , 4
_node1[8] = Temp192 , 4
Temp193 = Temp164[4] , 4
Temp194 = _node1[4] , 4
Temp195 = Temp193[0] , 4
Temp194[0] = Temp195 , 4
Temp196 = Temp193[4] , 4
Temp194[4] = Temp196 , 4
Temp197 = Temp164[12] , 4
_node1[12] = Temp197 , 4
_node2[0] = _struct_member_22 , 4
_node2[4] = _struct_member_23 , 4
_node2[12] = _struct_member_24 , 4
BasicParam j
Temp198 = call _getNode , 1
Temp199 = Temp198[0] , 4
Temp200 = _node2[0] , 4
Temp201 = Temp199[0] , 4
Temp200[0] = Temp201 , 4
Temp202 = Temp199[4] , 4
Temp200[4] = Temp202 , 4
Temp203 = Temp199[8] , 4
Temp200[8] = Temp203 , 4
Temp204 = Temp199[12] , 4
Temp200[12] = Temp204 , 4
Temp205 = Temp199[16] , 4
Temp200[16] = Temp205 , 4
Temp206 = Temp199[20] , 4
Temp200[20] = Temp206 , 4
Temp207 = Temp199[24] , 4
Temp200[24] = Temp207 , 4
Temp208 = Temp199[28] , 4
Temp200[28] = Temp208 , 4
Temp209 = Temp199[32] , 4
Temp200[32] = Temp209 , 4
Temp210 = Temp199[36] , 4
Temp200[36] = Temp210 , 4
Temp211 = Temp199[40] , 4
Temp200[40] = Temp211 , 4
Temp212 = Temp199[44] , 4
Temp200[44] = Temp212 , 4
Temp213 = Temp199[48] , 4
Temp200[48] = Temp213 , 4
Temp214 = Temp199[52] , 4
Temp200[52] = Temp214 , 4
Temp215 = Temp199[56] , 4
Temp200[56] = Temp215 , 4
Temp216 = Temp199[60] , 4
Temp200[60] = Temp216 , 4
Temp217 = Temp199[64] , 4
Temp200[64] = Temp217 , 4
Temp218 = Temp199[68] , 4
Temp200[68] = Temp218 , 4
Temp219 = Temp199[72] , 4
Temp200[72] = Temp219 , 4
Temp220 = Temp199[76] , 4
Temp200[76] = Temp220 , 4
Temp221 = Temp199[80] , 4
Temp200[80] = Temp221 , 4
Temp222 = Temp199[84] , 4
Temp200[84] = Temp222 , 4
Temp223 = Temp199[88] , 4
Temp200[88] = Temp223 , 4
Temp224 = Temp199[92] , 4
Temp200[92] = Temp224 , 4
Temp225 = Temp199[96] , 4
Temp200[96] = Temp225 , 4
Temp226 = Temp198[8] , 4
_node2[8] = Temp226 , 4
Temp227 = Temp198[4] , 4
Temp228 = _node2[4] , 4
Temp229 = Temp227[0] , 4
Temp228[0] = Temp229 , 4
Temp230 = Temp227[4] , 4
Temp228[4] = Temp230 , 4
Temp231 = Temp198[12] , 4
_node2[12] = Temp231 , 4
_m = 0
_n = 0
Label :19	Temp232 = _m LT _size1
If Not Equal to Zero Temp232 Goto Label :20	
Goto label:18
Label :20	Label :22	Temp233 = _n LT _size1
If Not Equal to Zero Temp233 Goto Label :23	
Goto label:21
Label :23	Temp234 = _node1[0] , 100
Temp235 = 0
Temp236 = _m MUL 20
Temp235 = Temp235 ADD Temp236
Temp237 = _n MUL 4
Temp235 = Temp235 ADD Temp237
Temp238 = Temp234 ADD Temp235
Temp239 = *Temp238, 4
Temp240 = _node2[0] , 100
Temp241 = 0
Temp242 = _m MUL 20
Temp241 = Temp241 ADD Temp242
Temp243 = _n MUL 4
Temp241 = Temp241 ADD Temp243
Temp244 = Temp240 ADD Temp241
Temp245 = *Temp244, 4
Temp246 = Temp239 GT Temp245
If Not Equal to Zero Temp246 Goto Label :25	
Goto label:24
Label :25	Temp247 = &_node1
Temp248 = &_node2
BasicParam Temp247
BasicParam Temp248
Temp249 = call _exchange , 2
Temp252 = _node1[12] , 8
Temp253 = Temp252[0] , 4
Temp254 = Temp253 ADD 1
Temp255 = _node1[12] , 8
Temp255[0] = Temp254 , 4
Temp250 = Temp251 SUB 1
Temp258 = _node2[12] , 8
Temp259 = Temp258[0] , 4
Temp260 = Temp259 SUB 1
Temp261 = _node2[12] , 8
Temp261[0] = Temp260 , 4
Temp256 = Temp257 ADD 1
Label :24	Temp263 = _n ADD 1
_n = Temp263
Temp262 = _n
Goto label:22
Label :21	Temp265 = _m ADD 1
_m = Temp265
Temp264 = _m
Goto label:19
Label :18	
_show: 
_i = 0
Temp266 = _i
Label :27	Temp267 = _i LT _size1
If Not Equal to Zero Temp267 Goto Label :28	
Goto label:26
Label :28	_j = 0
Temp268 = _j
Label :30	Temp269 = _j LT _size1
If Not Equal to Zero Temp269 Goto Label :31	
Goto label:29
Label :31	Temp271 = 0
Temp272 = k MUL 20
Temp271 = Temp271 ADD Temp272
Temp273 = _a ADD Temp271
Temp274 = *Temp273, 20
Temp275 = Temp274[0] , 100
Temp276 = 0
Temp277 = _i MUL 20
Temp276 = Temp276 ADD Temp277
Temp278 = _j MUL 4
Temp276 = Temp276 ADD Temp278
Temp279 = Temp275 ADD Temp276
Temp280 = *Temp279, 4
BasicParam Temp270
BasicParam Temp280
_printf_cnt = 2
Temp281 = call _printf , 2
Temp283 = _j ADD 1
_j = Temp283
Temp282 = _j
Goto label:30
Label :29	BasicParam Temp284
_printf_cnt = 1
Temp285 = call _printf , 1
Temp287 = _i ADD 1
_i = Temp287
Temp286 = _i
Goto label:27
Label :26	Temp289 = 0
Temp290 = k MUL 20
Temp289 = Temp289 ADD Temp290
Temp291 = _a ADD Temp289
Temp292 = *Temp291, 20
Temp293 = Temp292[4] , 8
Temp294 = *Temp293, 4
Temp295 = 0
Temp296 = k MUL 20
Temp295 = Temp295 ADD Temp296
Temp297 = _a ADD Temp295
Temp298 = *Temp297, 20
Temp299 = Temp298[4] , 8
Temp300 = Temp299[4] , 4
Temp301 = 0
Temp302 = k MUL 20
Temp301 = Temp301 ADD Temp302
Temp303 = _a ADD Temp301
Temp304 = *Temp303, 20
Temp305 = Temp304[8] , 4
Temp306 = 0
Temp307 = k MUL 20
Temp306 = Temp306 ADD Temp307
Temp308 = _a ADD Temp306
Temp309 = *Temp308, 20
Temp310 = Temp309[12] , 8
Temp311 = Temp310[0] , 4
BasicParam Temp288
BasicParam Temp294
BasicParam Temp300
BasicParam Temp305
BasicParam Temp311
_printf_cnt = 5
Temp312 = call _printf , 5

_main: 
_q = 7
_k = 0
Temp313 = _k
Label :33	Temp314 = _k LT _size2
If Not Equal to Zero Temp314 Goto Label :34	
Goto label:32
Label :34	_i = 0
Temp315 = _i
Label :36	Temp316 = _i LT _size1
If Not Equal to Zero Temp316 Goto Label :37	
Goto label:35
Label :37	_j = 0
Temp317 = _j
Label :39	Temp318 = _j LT _size1
If Not Equal to Zero Temp318 Goto Label :40	
Goto label:38
Label :40	Temp320 = _i MUL 5110
Temp321 = Temp320 ADD _j
Temp322 = 34 SUB _k
Temp323 = Temp321 MOD Temp322
Temp324 = Temp323 ADD 1
Temp325 = 0
Temp326 = _k MUL 20
Temp325 = Temp325 ADD Temp326
Temp327 = _a ADD Temp325
Temp328 = *Temp327, 20
Temp329 = Temp328[0] , 100
Temp330 = 0
Temp331 = _i MUL 20
Temp330 = Temp330 ADD Temp331
Temp332 = _j MUL 4
Temp330 = Temp330 ADD Temp332
Temp333 = Temp329 ADD Temp330
*Temp333 = Temp324 , 4
Temp319 = *Temp333, 4
Temp319 = *Temp333, 4
Temp336 = _i MUL _i
Temp337 = Temp336 MUL _i
Temp338 = _k ADD Temp337
Temp339 = 0
Temp340 = _k MUL 20
Temp339 = Temp339 ADD Temp340
Temp341 = _a ADD Temp339
Temp342 = *Temp341, 20
Temp343 = Temp342[4] , 8
*Temp343 = Temp338 , 4
Temp335 = *Temp343, 4
Temp335 = *Temp343, 4
Temp346 = _j ADD _i
Temp347 = Temp346 ADD _k
Temp348 = Temp347 SHL 1
Temp349 = 0
Temp350 = _k MUL 20
Temp349 = Temp349 ADD Temp350
Temp351 = _a ADD Temp349
Temp352 = *Temp351, 20
Temp353 = Temp352[4] , 8
Temp353[4] = Temp348 , 4
Temp345 = Temp353[4] , 4
Temp345 = *Temp353, 4
Temp356 =  TILDE _i
Temp357 = _k ADD Temp356
Temp358 = Temp357 LOGICAL_OR _j
Temp359 = 0
Temp360 = _k MUL 20
Temp359 = Temp359 ADD Temp360
Temp361 = _a ADD Temp359
Temp362 = *Temp361, 20
Temp363 = Temp362[12] , 8
Temp363[0] = Temp358 , 4
Temp365 = 0
Temp366 = _k MUL 20
Temp365 = Temp365 ADD Temp366
Temp367 = _a ADD Temp365
Temp368 = *Temp367, 20
Temp369 = Temp368[4] , 8
Temp370 = *Temp369, 4
Temp371 = Temp370 MOD 26
Temp372 = Temp371 ADD 97
Temp373 = 0
Temp374 = _k MUL 20
Temp373 = Temp373 ADD Temp374
Temp375 = _a ADD Temp373
Temp376 = *Temp375, 20
Temp377 = Temp376[4] , 8
*Temp377 = Temp372 , 4
Temp364 = *Temp377, 4
Temp364 = *Temp377, 4
Temp380 = 0
Temp381 = _k MUL 20
Temp380 = Temp380 ADD Temp381
Temp382 = _a ADD Temp380
Temp383 = *Temp382, 20
Temp384 = Temp383[4] , 8
Temp385 = Temp384[4] , 4
Temp386 = Temp385 MOD 26
Temp387 = Temp386 ADD 65
Temp388 = 0
Temp389 = _k MUL 20
Temp388 = Temp388 ADD Temp389
Temp390 = _a ADD Temp388
Temp391 = *Temp390, 20
Temp392 = Temp391[4] , 8
Temp392[4] = Temp387 , 4
Temp379 = Temp392[4] , 4
Temp379 = *Temp392, 4
Temp395 = _j ADD 1
_j = Temp395
Temp394 = _j
Goto label:39
Label :38	Temp397 = _i ADD 1
_i = Temp397
Temp396 = _i
Goto label:36
Label :35	Temp399 = _k ADD 1
_k = Temp399
Temp398 = _k
Goto label:33
Label :32	_i = 0
Temp400 = _i
Label :42	Temp401 = _i LT _size2
If Not Equal to Zero Temp401 Goto Label :43	
Goto label:41
Label :43	_j = 0
Temp402 = _j
Label :45	Temp403 = _j LT _size2
If Not Equal to Zero Temp403 Goto Label :46	
Goto label:44
Label :46	BasicParam _i
BasicParam _j
Temp404 = call _comp , 2
Temp406 = _j ADD 1
_j = Temp406
Temp405 = _j
Goto label:45
Label :44	Temp408 = _i ADD 1
_i = Temp408
Temp407 = _i
Goto label:42
Label :41	_k = 0
Temp409 = _k
Label :48	Temp410 = _k LT _size2
If Not Equal to Zero Temp410 Goto Label :49	
Goto label:47
Label :49	BasicParam _k
Temp411 = call _show , 1
Temp413 = _k ADD 1
_k = Temp413
Temp412 = _k
Goto label:48
Label :47	Temp415 = _size2 SUB 1
_i = Temp415
Temp414 = _i
Label :51	Temp416 = _i GT -1
If Not Equal to Zero Temp416 Goto Label :52	
Goto label:50
Label :52	Temp417 = _i MOD 3
Temp418 = Temp417 EQ 0
If Not Equal to Zero Temp418 Goto Label :54	
Goto label:55
Label :54	Temp420 = _i ADD 3
Temp421 = Temp420 MOD _size2
BasicParam Temp421
Temp422 = call _getNode , 1
Temp423 = 0
Temp424 = _i MUL 20
Temp423 = Temp423 ADD Temp424
Temp425 = _a ADD Temp423
Temp426 = *Temp425, 20
Temp427 = Temp422[0] , 4
Temp428 = Temp426[0] , 4
Temp429 = Temp427[0] , 4
Temp428[0] = Temp429 , 4
Temp430 = Temp427[4] , 4
Temp428[4] = Temp430 , 4
Temp431 = Temp427[8] , 4
Temp428[8] = Temp431 , 4
Temp432 = Temp427[12] , 4
Temp428[12] = Temp432 , 4
Temp433 = Temp427[16] , 4
Temp428[16] = Temp433 , 4
Temp434 = Temp427[20] , 4
Temp428[20] = Temp434 , 4
Temp435 = Temp427[24] , 4
Temp428[24] = Temp435 , 4
Temp436 = Temp427[28] , 4
Temp428[28] = Temp436 , 4
Temp437 = Temp427[32] , 4
Temp428[32] = Temp437 , 4
Temp438 = Temp427[36] , 4
Temp428[36] = Temp438 , 4
Temp439 = Temp427[40] , 4
Temp428[40] = Temp439 , 4
Temp440 = Temp427[44] , 4
Temp428[44] = Temp440 , 4
Temp441 = Temp427[48] , 4
Temp428[48] = Temp441 , 4
Temp442 = Temp427[52] , 4
Temp428[52] = Temp442 , 4
Temp443 = Temp427[56] , 4
Temp428[56] = Temp443 , 4
Temp444 = Temp427[60] , 4
Temp428[60] = Temp444 , 4
Temp445 = Temp427[64] , 4
Temp428[64] = Temp445 , 4
Temp446 = Temp427[68] , 4
Temp428[68] = Temp446 , 4
Temp447 = Temp427[72] , 4
Temp428[72] = Temp447 , 4
Temp448 = Temp427[76] , 4
Temp428[76] = Temp448 , 4
Temp449 = Temp427[80] , 4
Temp428[80] = Temp449 , 4
Temp450 = Temp427[84] , 4
Temp428[84] = Temp450 , 4
Temp451 = Temp427[88] , 4
Temp428[88] = Temp451 , 4
Temp452 = Temp427[92] , 4
Temp428[92] = Temp452 , 4
Temp453 = Temp427[96] , 4
Temp428[96] = Temp453 , 4
Temp454 = Temp422[8] , 4
Temp426[8] = Temp454 , 4
Temp455 = Temp422[4] , 4
Temp456 = Temp426[4] , 4
Temp457 = Temp455[0] , 4
Temp456[0] = Temp457 , 4
Temp458 = Temp455[4] , 4
Temp456[4] = Temp458 , 4
Temp459 = Temp422[12] , 4
Temp426[12] = Temp459 , 4
Temp419 = Temp426
Goto label:53
Label :55	BasicParam _i
Temp461 = call _getNode , 1
Temp462 = 0
Temp463 = _i MUL 20
Temp462 = Temp462 ADD Temp463
Temp464 = _a ADD Temp462
Temp465 = *Temp464, 20
Temp466 = Temp461[0] , 4
Temp467 = Temp465[0] , 4
Temp468 = Temp466[0] , 4
Temp467[0] = Temp468 , 4
Temp469 = Temp466[4] , 4
Temp467[4] = Temp469 , 4
Temp470 = Temp466[8] , 4
Temp467[8] = Temp470 , 4
Temp471 = Temp466[12] , 4
Temp467[12] = Temp471 , 4
Temp472 = Temp466[16] , 4
Temp467[16] = Temp472 , 4
Temp473 = Temp466[20] , 4
Temp467[20] = Temp473 , 4
Temp474 = Temp466[24] , 4
Temp467[24] = Temp474 , 4
Temp475 = Temp466[28] , 4
Temp467[28] = Temp475 , 4
Temp476 = Temp466[32] , 4
Temp467[32] = Temp476 , 4
Temp477 = Temp466[36] , 4
Temp467[36] = Temp477 , 4
Temp478 = Temp466[40] , 4
Temp467[40] = Temp478 , 4
Temp479 = Temp466[44] , 4
Temp467[44] = Temp479 , 4
Temp480 = Temp466[48] , 4
Temp467[48] = Temp480 , 4
Temp481 = Temp466[52] , 4
Temp467[52] = Temp481 , 4
Temp482 = Temp466[56] , 4
Temp467[56] = Temp482 , 4
Temp483 = Temp466[60] , 4
Temp467[60] = Temp483 , 4
Temp484 = Temp466[64] , 4
Temp467[64] = Temp484 , 4
Temp485 = Temp466[68] , 4
Temp467[68] = Temp485 , 4
Temp486 = Temp466[72] , 4
Temp467[72] = Temp486 , 4
Temp487 = Temp466[76] , 4
Temp467[76] = Temp487 , 4
Temp488 = Temp466[80] , 4
Temp467[80] = Temp488 , 4
Temp489 = Temp466[84] , 4
Temp467[84] = Temp489 , 4
Temp490 = Temp466[88] , 4
Temp467[88] = Temp490 , 4
Temp491 = Temp466[92] , 4
Temp467[92] = Temp491 , 4
Temp492 = Temp466[96] , 4
Temp467[96] = Temp492 , 4
Temp493 = Temp461[8] , 4
Temp465[8] = Temp493 , 4
Temp494 = Temp461[4] , 4
Temp495 = Temp465[4] , 4
Temp496 = Temp494[0] , 4
Temp495[0] = Temp496 , 4
Temp497 = Temp494[4] , 4
Temp495[4] = Temp497 , 4
Temp498 = Temp461[12] , 4
Temp465[12] = Temp498 , 4
Temp460 = Temp465
Label :53	Temp501 = _i SUB 1
_i = Temp501
Temp500 = _i
Temp499 = Temp500 ADD 1
Goto label:51
Label :50	BasicParam Temp502
_printf_cnt = 1
Temp503 = call _printf , 1
_i = 0
Temp504 = _i
Label :57	Temp505 = _i LT _size2
If Not Equal to Zero Temp505 Goto Label :58	
Goto label:56
Label :58	_j = 0
Temp506 = _j
Label :60	Temp507 = _j LT _size2
If Not Equal to Zero Temp507 Goto Label :61	
Goto label:59
Label :61	BasicParam _i
Temp509 = call _getNode , 1
BasicParam _j
Temp510 = call _getNode , 1
Temp511[0] = _struct_member_25 , 4
Temp511[4] = _struct_member_26 , 4
Temp511[12] = _struct_member_27 , 4
Temp512 = Temp509[0] , 4
Temp513 = Temp511[0] , 4
Temp514 = Temp512[0] , 4
Temp513[0] = Temp514 , 4
Temp515 = Temp512[4] , 4
Temp513[4] = Temp515 , 4
Temp516 = Temp512[8] , 4
Temp513[8] = Temp516 , 4
Temp517 = Temp512[12] , 4
Temp513[12] = Temp517 , 4
Temp518 = Temp512[16] , 4
Temp513[16] = Temp518 , 4
Temp519 = Temp512[20] , 4
Temp513[20] = Temp519 , 4
Temp520 = Temp512[24] , 4
Temp513[24] = Temp520 , 4
Temp521 = Temp512[28] , 4
Temp513[28] = Temp521 , 4
Temp522 = Temp512[32] , 4
Temp513[32] = Temp522 , 4
Temp523 = Temp512[36] , 4
Temp513[36] = Temp523 , 4
Temp524 = Temp512[40] , 4
Temp513[40] = Temp524 , 4
Temp525 = Temp512[44] , 4
Temp513[44] = Temp525 , 4
Temp526 = Temp512[48] , 4
Temp513[48] = Temp526 , 4
Temp527 = Temp512[52] , 4
Temp513[52] = Temp527 , 4
Temp528 = Temp512[56] , 4
Temp513[56] = Temp528 , 4
Temp529 = Temp512[60] , 4
Temp513[60] = Temp529 , 4
Temp530 = Temp512[64] , 4
Temp513[64] = Temp530 , 4
Temp531 = Temp512[68] , 4
Temp513[68] = Temp531 , 4
Temp532 = Temp512[72] , 4
Temp513[72] = Temp532 , 4
Temp533 = Temp512[76] , 4
Temp513[76] = Temp533 , 4
Temp534 = Temp512[80] , 4
Temp513[80] = Temp534 , 4
Temp535 = Temp512[84] , 4
Temp513[84] = Temp535 , 4
Temp536 = Temp512[88] , 4
Temp513[88] = Temp536 , 4
Temp537 = Temp512[92] , 4
Temp513[92] = Temp537 , 4
Temp538 = Temp512[96] , 4
Temp513[96] = Temp538 , 4
Temp539 = Temp509[8] , 4
Temp511[8] = Temp539 , 4
Temp540 = Temp509[4] , 4
Temp541 = Temp511[4] , 4
Temp542 = Temp540[0] , 4
Temp541[0] = Temp542 , 4
Temp543 = Temp540[4] , 4
Temp541[4] = Temp543 , 4
Temp544 = Temp509[12] , 4
Temp511[12] = Temp544 , 4
Temp545[0] = _struct_member_28 , 4
Temp545[4] = _struct_member_29 , 4
Temp545[12] = _struct_member_30 , 4
Temp546 = Temp510[0] , 4
Temp547 = Temp545[0] , 4
Temp548 = Temp546[0] , 4
Temp547[0] = Temp548 , 4
Temp549 = Temp546[4] , 4
Temp547[4] = Temp549 , 4
Temp550 = Temp546[8] , 4
Temp547[8] = Temp550 , 4
Temp551 = Temp546[12] , 4
Temp547[12] = Temp551 , 4
Temp552 = Temp546[16] , 4
Temp547[16] = Temp552 , 4
Temp553 = Temp546[20] , 4
Temp547[20] = Temp553 , 4
Temp554 = Temp546[24] , 4
Temp547[24] = Temp554 , 4
Temp555 = Temp546[28] , 4
Temp547[28] = Temp555 , 4
Temp556 = Temp546[32] , 4
Temp547[32] = Temp556 , 4
Temp557 = Temp546[36] , 4
Temp547[36] = Temp557 , 4
Temp558 = Temp546[40] , 4
Temp547[40] = Temp558 , 4
Temp559 = Temp546[44] , 4
Temp547[44] = Temp559 , 4
Temp560 = Temp546[48] , 4
Temp547[48] = Temp560 , 4
Temp561 = Temp546[52] , 4
Temp547[52] = Temp561 , 4
Temp562 = Temp546[56] , 4
Temp547[56] = Temp562 , 4
Temp563 = Temp546[60] , 4
Temp547[60] = Temp563 , 4
Temp564 = Temp546[64] , 4
Temp547[64] = Temp564 , 4
Temp565 = Temp546[68] , 4
Temp547[68] = Temp565 , 4
Temp566 = Temp546[72] , 4
Temp547[72] = Temp566 , 4
Temp567 = Temp546[76] , 4
Temp547[76] = Temp567 , 4
Temp568 = Temp546[80] , 4
Temp547[80] = Temp568 , 4
Temp569 = Temp546[84] , 4
Temp547[84] = Temp569 , 4
Temp570 = Temp546[88] , 4
Temp547[88] = Temp570 , 4
Temp571 = Temp546[92] , 4
Temp547[92] = Temp571 , 4
Temp572 = Temp546[96] , 4
Temp547[96] = Temp572 , 4
Temp573 = Temp510[8] , 4
Temp545[8] = Temp573 , 4
Temp574 = Temp510[4] , 4
Temp575 = Temp545[4] , 4
Temp576 = Temp574[0] , 4
Temp575[0] = Temp576 , 4
Temp577 = Temp574[4] , 4
Temp575[4] = Temp577 , 4
Temp578 = Temp510[12] , 4
Temp545[12] = Temp578 , 4
MemoryParam Temp511 ,20
MemoryParam Temp545 ,20
Temp579 = call _compare , 2
BasicParam Temp508
BasicParam Temp579
_printf_cnt = 2
Temp580 = call _printf , 2
Temp582 = _j ADD 1
_j = Temp582
Temp581 = _j
Goto label:60
Label :59	BasicParam Temp583
_printf_cnt = 1
Temp584 = call _printf , 1
Temp586 = _i ADD 1
_i = Temp586
Temp585 = _i
Goto label:57
Label :56	Return BasicParam 0

