<AST> 
		<VarDecl> 
			<ArrayType> 
				<ArrayType> 
					<IntType> 
					<IntConst: 105> 
				<IntConst: 105> 
			<Id: g> 
			<InitList> 
		<FunctionDef> 
			<IntType> 
			<Id: main> 
					<VarDecl> 
						<IntType> 
						<Id: n> 
						<InitList> 
					<VarDecl> 
						<IntType> 
						<Id: i> 
						<InitList> 
					<VarDecl> 
						<IntType> 
						<Id: j> 
						<InitList> 
					<VarDecl> 
						<IntType> 
						<Id: k> 
						<InitList> 
					<FunctionCall> 
						<Id: scanf> 
						<ExprList> 
							<StringConst: %d> 
							<UnaryExpr> 
								<AMPERSAND> 
								<Id: n> 
					<ForLoop> 
						<BinaryExpr> 
							<ASSIGN> 
							<Id: i> 
							<IntConst: 0> 
						<BinaryExpr> 
							<LT> 
							<Id: i> 
							<Id: n> 
						<UnaryExpr> 
							<INC> 
							<Id: i> 
								<ForLoop> 
									<BinaryExpr> 
										<ASSIGN> 
										<Id: j> 
										<IntConst: 0> 
									<BinaryExpr> 
										<LT> 
										<Id: j> 
										<Id: n> 
									<UnaryExpr> 
										<INC> 
										<Id: j> 
											<FunctionCall> 
												<Id: scanf> 
												<ExprList> 
													<StringConst: %d> 
													<ArrayAccess> 
														<ArrayAccess> 
															<Id: g> 
															<Id: i> 
														<Id: j> 
					<ForLoop> 
						<BinaryExpr> 
							<ASSIGN> 
							<Id: k> 
							<IntConst: 0> 
						<BinaryExpr> 
							<LT> 
							<Id: k> 
							<Id: n> 
						<UnaryExpr> 
							<INC> 
							<Id: k> 
								<ForLoop> 
									<BinaryExpr> 
										<ASSIGN> 
										<Id: i> 
										<IntConst: 0> 
									<BinaryExpr> 
										<LT> 
										<Id: i> 
										<Id: n> 
									<UnaryExpr> 
										<INC> 
										<Id: i> 
											<ForLoop> 
												<BinaryExpr> 
													<ASSIGN> 
													<Id: j> 
													<IntConst: 0> 
												<BinaryExpr> 
													<LT> 
													<Id: j> 
													<Id: n> 
												<UnaryExpr> 
													<INC> 
													<Id: j> 
														<If> 
															<BinaryExpr> 
																<LT> 
																<BinaryExpr> 
																	<ADD> 
																	<ArrayAccess> 
																		<ArrayAccess> 
																			<Id: g> 
																			<Id: i> 
																		<Id: k> 
																	<ArrayAccess> 
																		<ArrayAccess> 
																			<Id: g> 
																			<Id: k> 
																		<Id: j> 
																<ArrayAccess> 
																	<ArrayAccess> 
																		<Id: g> 
																		<Id: i> 
																	<Id: j> 
																	<BinaryExpr> 
																		<ASSIGN> 
																		<ArrayAccess> 
																			<ArrayAccess> 
																				<Id: g> 
																				<Id: i> 
																			<Id: j> 
																		<BinaryExpr> 
																			<ADD> 
																			<ArrayAccess> 
																				<ArrayAccess> 
																					<Id: g> 
																					<Id: i> 
																				<Id: k> 
																			<ArrayAccess> 
																				<ArrayAccess> 
																					<Id: g> 
																					<Id: k> 
																				<Id: j> 
					<ForLoop> 
						<BinaryExpr> 
							<ASSIGN> 
							<Id: i> 
							<IntConst: 0> 
						<BinaryExpr> 
							<LT> 
							<Id: i> 
							<Id: n> 
						<UnaryExpr> 
							<INC> 
							<Id: i> 
								<ForLoop> 
									<BinaryExpr> 
										<ASSIGN> 
										<Id: j> 
										<IntConst: 0> 
									<BinaryExpr> 
										<LT> 
										<Id: j> 
										<Id: n> 
									<UnaryExpr> 
										<INC> 
										<Id: j> 
											<FunctionCall> 
												<Id: printf> 
												<ExprList> 
													<StringConst: %d > 
													<ArrayAccess> 
														<ArrayAccess> 
															<Id: g> 
															<Id: i> 
														<Id: j> 
								<FunctionCall> 
									<Id: printf> 
									<ExprList> 
										<StringConst: 
> 
					<ReturnStmt> 
						<IntConst: 0> 
