<AST> 
		<FunctionDef> 
			<IntType> 
			<Id: hanoi> 
				<VarDecl> 
					<CharType> 
					<Id: a> 
				<VarDecl> 
					<CharType> 
					<Id: b> 
				<VarDecl> 
					<CharType> 
					<Id: c> 
				<VarDecl> 
					<IntType> 
					<Id: n> 
					<If> 
						<BinaryExpr> 
							<GT> 
							<Id: n> 
							<IntConst: 1> 
								<FunctionCall> 
									<Id: hanoi> 
									<ExprList> 
										<Id: a> 
										<Id: c> 
										<Id: b> 
										<BinaryExpr> 
											<SUB> 
											<Id: n> 
											<IntConst: 1> 
								<FunctionCall> 
									<Id: printf> 
									<ExprList> 
										<StringConst: %c -> %c
> 
										<Id: a> 
										<Id: c> 
								<FunctionCall> 
									<Id: hanoi> 
									<ExprList> 
										<Id: b> 
										<Id: a> 
										<Id: c> 
										<BinaryExpr> 
											<SUB> 
											<Id: n> 
											<IntConst: 1> 
								<FunctionCall> 
									<Id: printf> 
									<ExprList> 
										<StringConst: %c -> %c
> 
										<Id: a> 
										<Id: c> 
		<FunctionDef> 
			<IntType> 
			<Id: main> 
					<VarDecl> 
						<IntType> 
						<Id: N> 
					<BinaryExpr> 
						<ASSIGN> 
						<Id: N> 
						<IntConst: 12> 
					<If> 
						<BinaryExpr> 
							<GT> 
							<Id: N> 
							<IntConst: 0> 
						<FunctionCall> 
							<Id: hanoi> 
							<ExprList> 
								<CharConst: 97> 
								<CharConst: 98> 
								<CharConst: 99> 
								<Id: N> 
					<ReturnStmt> 
						<IntConst: 0> 
