<AST> 
		<FunctionDef> 
			<IntType> 
			<Id: inline1> 
				<VarDecl> 
					<IntType> 
					<Id: A> 
					<FunctionCall> 
						<Id: printf> 
						<ExprList> 
							<StringConst: %d> 
							<Id: A> 
					<ReturnStmt> 
						<IntConst: 1> 
		<FunctionDef> 
			<IntType> 
			<Id: inline2> 
				<VarDecl> 
					<IntType> 
					<Id: a> 
				<VarDecl> 
					<IntType> 
					<Id: A> 
					<FunctionCall> 
						<Id: inline1> 
						<ExprList> 
							<Id: A> 
					<BinaryExpr> 
						<ASSIGN> 
						<Id: a> 
						<IntConst: 1> 
					<ReturnStmt> 
						<IntConst: 1> 
		<FunctionDef> 
			<IntType> 
			<Id: main> 
					<VarDecl> 
						<IntType> 
						<Id: a> 
					<BinaryExpr> 
						<ASSIGN> 
						<Id: a> 
						<IntConst: 0> 
					<FunctionCall> 
						<Id: printf> 
						<ExprList> 
							<StringConst: %d> 
							<Id: a> 
					<FunctionCall> 
						<Id: inline2> 
						<ExprList> 
							<IntConst: 9> 
							<Id: a> 
					<FunctionCall> 
						<Id: printf> 
						<ExprList> 
							<StringConst: %d> 
							<Id: a> 
					<BinaryExpr> 
						<ASSIGN> 
						<Id: a> 
						<IntConst: 2> 
					<FunctionCall> 
						<Id: inline1> 
						<ExprList> 
							<Id: a> 
					<FunctionCall> 
						<Id: printf> 
						<ExprList> 
							<StringConst: %d> 
							<Id: a> 
					<FunctionCall> 
						<Id: printf> 
						<ExprList> 
							<StringConst: 
> 
					<ReturnStmt> 
						<IntConst: 0> 
