<AST> 
		<VarDecl> 
			<ArrayType> 
				<ArrayType> 
					<IntType> 
					<IntConst: 3> 
				<IntConst: 3> 
			<Id: make> 
		<VarDecl> 
			<ArrayType> 
				<IntType> 
				<IntConst: 10> 
			<Id: color> 
		<VarDecl> 
			<ArrayType> 
				<IntType> 
				<IntConst: 1> 
			<Id: count> 
		<VarDecl> 
			<IntType> 
			<Id: i> 
		<VarDecl> 
			<IntType> 
			<Id: j> 
		<FunctionDef> 
			<IntType> 
			<Id: search> 
				<VarDecl> 
					<IntType> 
					<Id: x> 
				<VarDecl> 
					<IntType> 
					<Id: y> 
				<VarDecl> 
					<IntType> 
					<Id: z> 
					<VarDecl> 
						<IntType> 
						<Id: s> 
					<VarDecl> 
						<IntType> 
						<Id: i> 
					<VarDecl> 
						<IntType> 
						<Id: j> 
					<If> 
						<BinaryExpr> 
							<OR> 
							<BinaryExpr> 
								<OR> 
								<BinaryExpr> 
									<OR> 
									<BinaryExpr> 
										<GT> 
										<Id: y> 
										<IntConst: 0> 
									<BinaryExpr> 
										<LT> 
										<Id: y> 
										<IntConst: 0> 
								<BinaryExpr> 
									<EQ> 
									<Id: x> 
									<IntConst: 0> 
							<BinaryExpr> 
								<EQ> 
								<BinaryExpr> 
									<ADD> 
									<BinaryExpr> 
										<ADD> 
										<ArrayAccess> 
											<ArrayAccess> 
												<Id: make> 
												<BinaryExpr> 
													<SUB> 
													<Id: x> 
													<IntConst: 1> 
											<IntConst: 0> 
										<ArrayAccess> 
											<ArrayAccess> 
												<Id: make> 
												<BinaryExpr> 
													<SUB> 
													<Id: x> 
													<IntConst: 1> 
											<IntConst: 1> 
									<ArrayAccess> 
										<ArrayAccess> 
											<Id: make> 
											<BinaryExpr> 
												<SUB> 
												<Id: x> 
												<IntConst: 1> 
										<IntConst: 2> 
								<IntConst: 15> 
								<If> 
									<BinaryExpr> 
										<AND> 
										<BinaryExpr> 
											<EQ> 
											<Id: x> 
											<IntConst: 2> 
										<BinaryExpr> 
											<EQ> 
											<Id: y> 
											<IntConst: 2> 
											<BinaryExpr> 
												<ASSIGN> 
												<ArrayAccess> 
													<ArrayAccess> 
														<Id: make> 
														<IntConst: 2> 
													<IntConst: 2> 
												<BinaryExpr> 
													<SUB> 
													<IntConst: 45> 
													<Id: z> 
											<BinaryExpr> 
												<ASSIGN> 
												<Id: s> 
												<BinaryExpr> 
													<ADD> 
													<BinaryExpr> 
														<ADD> 
														<ArrayAccess> 
															<ArrayAccess> 
																<Id: make> 
																<IntConst: 0> 
															<IntConst: 0> 
														<ArrayAccess> 
															<ArrayAccess> 
																<Id: make> 
																<IntConst: 0> 
															<IntConst: 1> 
													<ArrayAccess> 
														<ArrayAccess> 
															<Id: make> 
															<IntConst: 0> 
														<IntConst: 2> 
											<If> 
												<BinaryExpr> 
													<AND> 
													<BinaryExpr> 
														<AND> 
														<BinaryExpr> 
															<AND> 
															<BinaryExpr> 
																<AND> 
																<BinaryExpr> 
																	<AND> 
																	<BinaryExpr> 
																		<AND> 
																		<BinaryExpr> 
																			<EQ> 
																			<BinaryExpr> 
																				<ADD> 
																				<BinaryExpr> 
																					<ADD> 
																					<ArrayAccess> 
																						<ArrayAccess> 
																							<Id: make> 
																							<IntConst: 1> 
																						<IntConst: 0> 
																					<ArrayAccess> 
																						<ArrayAccess> 
																							<Id: make> 
																							<IntConst: 1> 
																						<IntConst: 1> 
																				<ArrayAccess> 
																					<ArrayAccess> 
																						<Id: make> 
																						<IntConst: 1> 
																					<IntConst: 2> 
																			<Id: s> 
																		<BinaryExpr> 
																			<EQ> 
																			<BinaryExpr> 
																				<ADD> 
																				<BinaryExpr> 
																					<ADD> 
																					<ArrayAccess> 
																						<ArrayAccess> 
																							<Id: make> 
																							<IntConst: 2> 
																						<IntConst: 0> 
																					<ArrayAccess> 
																						<ArrayAccess> 
																							<Id: make> 
																							<IntConst: 2> 
																						<IntConst: 1> 
																				<ArrayAccess> 
																					<ArrayAccess> 
																						<Id: make> 
																						<IntConst: 2> 
																					<IntConst: 2> 
																			<Id: s> 
																	<BinaryExpr> 
																		<EQ> 
																		<BinaryExpr> 
																			<ADD> 
																			<BinaryExpr> 
																				<ADD> 
																				<ArrayAccess> 
																					<ArrayAccess> 
																						<Id: make> 
																						<IntConst: 0> 
																					<IntConst: 0> 
																				<ArrayAccess> 
																					<ArrayAccess> 
																						<Id: make> 
																						<IntConst: 1> 
																					<IntConst: 0> 
																			<ArrayAccess> 
																				<ArrayAccess> 
																					<Id: make> 
																					<IntConst: 2> 
																				<IntConst: 0> 
																		<Id: s> 
																<BinaryExpr> 
																	<EQ> 
																	<BinaryExpr> 
																		<ADD> 
																		<BinaryExpr> 
																			<ADD> 
																			<ArrayAccess> 
																				<ArrayAccess> 
																					<Id: make> 
																					<IntConst: 0> 
																				<IntConst: 1> 
																			<ArrayAccess> 
																				<ArrayAccess> 
																					<Id: make> 
																					<IntConst: 1> 
																				<IntConst: 1> 
																		<ArrayAccess> 
																			<ArrayAccess> 
																				<Id: make> 
																				<IntConst: 2> 
																			<IntConst: 1> 
																	<Id: s> 
															<BinaryExpr> 
																<EQ> 
																<BinaryExpr> 
																	<ADD> 
																	<BinaryExpr> 
																		<ADD> 
																		<ArrayAccess> 
																			<ArrayAccess> 
																				<Id: make> 
																				<IntConst: 0> 
																			<IntConst: 2> 
																		<ArrayAccess> 
																			<ArrayAccess> 
																				<Id: make> 
																				<IntConst: 1> 
																			<IntConst: 2> 
																	<ArrayAccess> 
																		<ArrayAccess> 
																			<Id: make> 
																			<IntConst: 2> 
																		<IntConst: 2> 
																<Id: s> 
														<BinaryExpr> 
															<EQ> 
															<BinaryExpr> 
																<ADD> 
																<BinaryExpr> 
																	<ADD> 
																	<ArrayAccess> 
																		<ArrayAccess> 
																			<Id: make> 
																			<IntConst: 0> 
																		<IntConst: 0> 
																	<ArrayAccess> 
																		<ArrayAccess> 
																			<Id: make> 
																			<IntConst: 1> 
																		<IntConst: 1> 
																<ArrayAccess> 
																	<ArrayAccess> 
																		<Id: make> 
																		<IntConst: 2> 
																	<IntConst: 2> 
															<Id: s> 
													<BinaryExpr> 
														<EQ> 
														<BinaryExpr> 
															<ADD> 
															<BinaryExpr> 
																<ADD> 
																<ArrayAccess> 
																	<ArrayAccess> 
																		<Id: make> 
																		<IntConst: 2> 
																	<IntConst: 0> 
																<ArrayAccess> 
																	<ArrayAccess> 
																		<Id: make> 
																		<IntConst: 1> 
																	<IntConst: 1> 
															<ArrayAccess> 
																<ArrayAccess> 
																	<Id: make> 
																	<IntConst: 0> 
																<IntConst: 2> 
														<Id: s> 
														<BinaryExpr> 
															<ASSIGN> 
															<ArrayAccess> 
																<Id: count> 
																<IntConst: 0> 
															<BinaryExpr> 
																<ADD> 
																<ArrayAccess> 
																	<Id: count> 
																	<IntConst: 0> 
																<IntConst: 1> 
														<ForLoop> 
															<BinaryExpr> 
																<ASSIGN> 
																<Id: i> 
																<IntConst: 0> 
															<BinaryExpr> 
																<LE> 
																<Id: i> 
																<IntConst: 2> 
															<SelfIncrement> 
																<Id: i> 
																	<ForLoop> 
																		<BinaryExpr> 
																			<ASSIGN> 
																			<Id: j> 
																			<IntConst: 0> 
																		<BinaryExpr> 
																			<LE> 
																			<Id: j> 
																			<IntConst: 2> 
																		<SelfIncrement> 
																			<Id: j> 
																				<FunctionCall> 
																					<Id: printf> 
																					<ExprList> 
																						<StringConst: %d> 
																						<ArrayAccess> 
																							<ArrayAccess> 
																								<Id: make> 
																								<Id: i> 
																							<Id: j> 
																				<FunctionCall> 
																					<Id: printf> 
																					<ExprList> 
																						<StringConst: %c> 
																						<CharConst: 32> 
																	<FunctionCall> 
																		<Id: printf> 
																		<ExprList> 
																			<StringConst: %c> 
																			<CharConst: 10> 
														<FunctionCall> 
															<Id: printf> 
															<ExprList> 
																<StringConst: %c> 
																<CharConst: 10> 
											<If> 
												<BinaryExpr> 
													<EQ> 
													<Id: y> 
													<IntConst: 2> 
														<BinaryExpr> 
															<ASSIGN> 
															<ArrayAccess> 
																<ArrayAccess> 
																	<Id: make> 
																	<Id: x> 
																<Id: y> 
															<BinaryExpr> 
																<SUB> 
																<BinaryExpr> 
																	<SUB> 
																	<IntConst: 15> 
																	<ArrayAccess> 
																		<ArrayAccess> 
																			<Id: make> 
																			<Id: x> 
																		<IntConst: 0> 
																<ArrayAccess> 
																	<ArrayAccess> 
																		<Id: make> 
																		<Id: x> 
																	<IntConst: 1> 
														<If> 
															<BinaryExpr> 
																<AND> 
																<BinaryExpr> 
																	<AND> 
																	<BinaryExpr> 
																		<GT> 
																		<ArrayAccess> 
																			<ArrayAccess> 
																				<Id: make> 
																				<Id: x> 
																			<Id: y> 
																		<IntConst: 0> 
																	<BinaryExpr> 
																		<LT> 
																		<ArrayAccess> 
																			<ArrayAccess> 
																				<Id: make> 
																				<Id: x> 
																			<Id: y> 
																		<IntConst: 10> 
																<BinaryExpr> 
																	<EQ> 
																	<ArrayAccess> 
																		<Id: color> 
																		<ArrayAccess> 
																			<ArrayAccess> 
																				<Id: make> 
																				<Id: x> 
																			<Id: y> 
																	<IntConst: 0> 
																	<BinaryExpr> 
																		<ASSIGN> 
																		<ArrayAccess> 
																			<Id: color> 
																			<ArrayAccess> 
																				<ArrayAccess> 
																					<Id: make> 
																					<Id: x> 
																				<Id: y> 
																		<IntConst: 1> 
																	<If> 
																		<BinaryExpr> 
																			<EQ> 
																			<Id: y> 
																			<IntConst: 2> 
																		<FunctionCall> 
																			<Id: search> 
																			<ExprList> 
																				<BinaryExpr> 
																					<ADD> 
																					<Id: x> 
																					<IntConst: 1> 
																				<IntConst: 0> 
																				<BinaryExpr> 
																					<ADD> 
																					<Id: z> 
																					<ArrayAccess> 
																						<ArrayAccess> 
																							<Id: make> 
																							<Id: x> 
																						<Id: y> 
																		<FunctionCall> 
																			<Id: search> 
																			<ExprList> 
																				<Id: x> 
																				<BinaryExpr> 
																					<ADD> 
																					<Id: y> 
																					<IntConst: 1> 
																				<BinaryExpr> 
																					<ADD> 
																					<Id: z> 
																					<ArrayAccess> 
																						<ArrayAccess> 
																							<Id: make> 
																							<Id: x> 
																						<Id: y> 
																	<BinaryExpr> 
																		<ASSIGN> 
																		<ArrayAccess> 
																			<Id: color> 
																			<ArrayAccess> 
																				<ArrayAccess> 
																					<Id: make> 
																					<Id: x> 
																				<Id: y> 
																		<IntConst: 0> 
														<ForLoop> 
															<BinaryExpr> 
																<ASSIGN> 
																<Id: i> 
																<IntConst: 1> 
															<BinaryExpr> 
																<LE> 
																<Id: i> 
																<IntConst: 9> 
															<SelfIncrement> 
																<Id: i> 
																	<If> 
																		<BinaryExpr> 
																			<EQ> 
																			<ArrayAccess> 
																				<Id: color> 
																				<Id: i> 
																			<IntConst: 0> 
																				<BinaryExpr> 
																					<ASSIGN> 
																					<ArrayAccess> 
																						<Id: color> 
																						<Id: i> 
																					<IntConst: 1> 
																				<BinaryExpr> 
																					<ASSIGN> 
																					<ArrayAccess> 
																						<ArrayAccess> 
																							<Id: make> 
																							<Id: x> 
																						<Id: y> 
																					<Id: i> 
																				<If> 
																					<BinaryExpr> 
																						<EQ> 
																						<Id: y> 
																						<IntConst: 2> 
																					<FunctionCall> 
																						<Id: search> 
																						<ExprList> 
																							<BinaryExpr> 
																								<ADD> 
																								<Id: x> 
																								<IntConst: 1> 
																							<IntConst: 0> 
																							<BinaryExpr> 
																								<ADD> 
																								<Id: z> 
																								<Id: i> 
																					<FunctionCall> 
																						<Id: search> 
																						<ExprList> 
																							<Id: x> 
																							<BinaryExpr> 
																								<ADD> 
																								<Id: y> 
																								<IntConst: 1> 
																							<BinaryExpr> 
																								<ADD> 
																								<Id: z> 
																								<Id: i> 
																				<BinaryExpr> 
																					<ASSIGN> 
																					<ArrayAccess> 
																						<ArrayAccess> 
																							<Id: make> 
																							<Id: x> 
																						<Id: y> 
																					<IntConst: 0> 
																				<BinaryExpr> 
																					<ASSIGN> 
																					<ArrayAccess> 
																						<Id: color> 
																						<Id: i> 
																					<IntConst: 0> 
		<FunctionDef> 
			<IntType> 
			<Id: main> 
					<FunctionCall> 
						<Id: search> 
						<ExprList> 
							<IntConst: 0> 
							<IntConst: 0> 
							<IntConst: 0> 
					<FunctionCall> 
						<Id: printf> 
						<ExprList> 
							<StringConst: %d
> 
							<ArrayAccess> 
								<Id: count> 
								<IntConst: 0> 
					<ReturnStmt> 
						<IntConst: 0> 
