<AST> 
		<FunctionDef> 
			<IntType> 
			<Id: main> 
					<VarDecl> 
						<IntType> 
						<Id: a> 
						<InitValue> 
							<IntConst: 10000> 
					<VarDecl> 
						<IntType> 
						<Id: b> 
						<InitValue> 
							<IntConst: 0> 
					<VarDecl> 
						<IntType> 
						<Id: c> 
						<InitValue> 
							<IntConst: 2800> 
					<VarDecl> 
						<IntType> 
						<Id: d> 
						<InitValue> 
							<IntConst: 0> 
					<VarDecl> 
						<IntType> 
						<Id: e> 
						<InitValue> 
							<IntConst: 0> 
					<VarDecl> 
						<ArrayType> 
							<IntType> 
							<IntConst: 2801> 
						<Id: f> 
					<VarDecl> 
						<IntType> 
						<Id: g> 
						<InitValue> 
							<IntConst: 0> 
					<ForLoop> 
						<BinaryExpr> 
							<SUB> 
							<Id: b> 
							<Id: c> 
						<BinaryExpr> 
							<ASSIGN> 
							<ArrayAccess> 
								<Id: f> 
								<SelfIncrement> 
									<Id: b> 
							<BinaryExpr> 
								<DIV> 
								<Id: a> 
								<IntConst: 5> 
					<ForLoop> 
						<BinaryExpr> 
							<COMMA> 
							<BinaryExpr> 
								<ASSIGN> 
								<Id: d> 
								<IntConst: 0> 
							<BinaryExpr> 
								<ASSIGN> 
								<Id: g> 
								<BinaryExpr> 
									<MUL> 
									<Id: c> 
									<IntConst: 2> 
						<BinaryExpr> 
							<COMMA> 
							<BinaryExpr> 
								<COMMA> 
								<BinaryExpr> 
									<ASSIGN_SUB> 
									<Id: c> 
									<IntConst: 14> 
								<FunctionCall> 
									<Id: printf> 
									<ExprList> 
										<StringConst: %04d> 
										<BinaryExpr> 
											<ADD> 
											<Id: e> 
											<BinaryExpr> 
												<DIV> 
												<Id: d> 
												<Id: a> 
							<BinaryExpr> 
								<ASSIGN> 
								<Id: e> 
								<BinaryExpr> 
									<MOD> 
									<Id: d> 
									<Id: a> 
						<ForLoop> 
							<BinaryExpr> 
								<ASSIGN> 
								<Id: b> 
								<Id: c> 
							<BinaryExpr> 
								<COMMA> 
								<BinaryExpr> 
									<COMMA> 
									<BinaryExpr> 
										<COMMA> 
										<BinaryExpr> 
											<ASSIGN_ADD> 
											<Id: d> 
											<BinaryExpr> 
												<MUL> 
												<ArrayAccess> 
													<Id: f> 
													<Id: b> 
												<Id: a> 
										<BinaryExpr> 
											<ASSIGN> 
											<ArrayAccess> 
												<Id: f> 
												<Id: b> 
											<BinaryExpr> 
												<MOD> 
												<Id: d> 
												<UnaryExpr> 
													<DEC> 
													<Id: g> 
									<BinaryExpr> 
										<ASSIGN_DIV> 
										<Id: d> 
										<SelfDecrement> 
											<Id: g> 
								<UnaryExpr> 
									<DEC> 
									<Id: b> 
							<BinaryExpr> 
								<ASSIGN_MUL> 
								<Id: d> 
								<Id: b> 
					<FunctionCall> 
						<Id: printf> 
						<ExprList> 
							<StringConst: 
> 
					<ReturnStmt> 
						<IntConst: 0> 
