<AST> 
		<VarDecl> 
			<IntType> 
			<Id: N> 
			<InitValue> 
				<IntConst: 8> 
		<VarDecl> 
			<ArrayType> 
				<IntType> 
				<IntConst: 8> 
			<Id: row> 
		<VarDecl> 
			<ArrayType> 
				<IntType> 
				<IntConst: 8> 
			<Id: col> 
		<VarDecl> 
			<ArrayType> 
				<ArrayType> 
					<IntType> 
					<BinaryExpr> 
						<SUB> 
						<BinaryExpr> 
							<ADD> 
							<IntConst: 8> 
							<IntConst: 8> 
						<IntConst: 1> 
				<IntConst: 2> 
			<Id: d> 
		<FunctionDef> 
			<VoidType> 
			<Id: printBoard> 
					<VarDecl> 
						<IntType> 
						<Id: i> 
					<VarDecl> 
						<IntType> 
						<Id: j> 
					<ForLoop> 
						<BinaryExpr> 
							<ASSIGN> 
							<Id: i> 
							<IntConst: 0> 
						<BinaryExpr> 
							<LT> 
							<Id: i> 
							<Id: N> 
						<SelfIncrement> 
							<Id: i> 
								<ForLoop> 
									<BinaryExpr> 
										<ASSIGN> 
										<Id: j> 
										<IntConst: 0> 
									<BinaryExpr> 
										<LT> 
										<Id: j> 
										<Id: N> 
									<SelfIncrement> 
										<Id: j> 
											<If> 
												<BinaryExpr> 
													<EQ> 
													<ArrayAccess> 
														<Id: col> 
														<Id: i> 
													<Id: j> 
												<FunctionCall> 
													<Id: printf> 
													<ExprList> 
														<StringConst:  O> 
												<FunctionCall> 
													<Id: printf> 
													<ExprList> 
														<StringConst:  .> 
								<FunctionCall> 
									<Id: printf> 
									<ExprList> 
										<StringConst: 
> 
					<FunctionCall> 
						<Id: printf> 
						<ExprList> 
							<StringConst: 
> 
		<FunctionDef> 
			<VoidType> 
			<Id: search> 
				<VarDecl> 
					<IntType> 
					<Id: c> 
					<If> 
						<BinaryExpr> 
							<EQ> 
							<Id: c> 
							<Id: N> 
								<FunctionCall> 
									<Id: printBoard> 
									<ExprList> 
								<VarDecl> 
									<IntType> 
									<Id: r> 
								<ForLoop> 
									<BinaryExpr> 
										<ASSIGN> 
										<Id: r> 
										<IntConst: 0> 
									<BinaryExpr> 
										<LT> 
										<Id: r> 
										<Id: N> 
									<SelfIncrement> 
										<Id: r> 
											<If> 
												<BinaryExpr> 
													<AND> 
													<BinaryExpr> 
														<AND> 
														<BinaryExpr> 
															<EQ> 
															<ArrayAccess> 
																<Id: row> 
																<Id: r> 
															<IntConst: 0> 
														<BinaryExpr> 
															<EQ> 
															<ArrayAccess> 
																<ArrayAccess> 
																	<Id: d> 
																	<IntConst: 0> 
																<BinaryExpr> 
																	<ADD> 
																	<Id: r> 
																	<Id: c> 
															<IntConst: 0> 
													<BinaryExpr> 
														<EQ> 
														<ArrayAccess> 
															<ArrayAccess> 
																<Id: d> 
																<IntConst: 1> 
															<BinaryExpr> 
																<SUB> 
																<BinaryExpr> 
																	<SUB> 
																	<BinaryExpr> 
																		<ADD> 
																		<Id: r> 
																		<Id: N> 
																	<IntConst: 1> 
																<Id: c> 
														<IntConst: 0> 
														<BinaryExpr> 
															<ASSIGN> 
															<ArrayAccess> 
																<Id: row> 
																<Id: r> 
															<BinaryExpr> 
																<ASSIGN> 
																<ArrayAccess> 
																	<ArrayAccess> 
																		<Id: d> 
																		<IntConst: 0> 
																	<BinaryExpr> 
																		<ADD> 
																		<Id: r> 
																		<Id: c> 
																<BinaryExpr> 
																	<ASSIGN> 
																	<ArrayAccess> 
																		<ArrayAccess> 
																			<Id: d> 
																			<IntConst: 1> 
																		<BinaryExpr> 
																			<SUB> 
																			<BinaryExpr> 
																				<SUB> 
																				<BinaryExpr> 
																					<ADD> 
																					<Id: r> 
																					<Id: N> 
																				<IntConst: 1> 
																			<Id: c> 
																	<IntConst: 1> 
														<BinaryExpr> 
															<ASSIGN> 
															<ArrayAccess> 
																<Id: col> 
																<Id: c> 
															<Id: r> 
														<FunctionCall> 
															<Id: search> 
															<ExprList> 
																<BinaryExpr> 
																	<ADD> 
																	<Id: c> 
																	<IntConst: 1> 
														<BinaryExpr> 
															<ASSIGN> 
															<ArrayAccess> 
																<Id: row> 
																<Id: r> 
															<BinaryExpr> 
																<ASSIGN> 
																<ArrayAccess> 
																	<ArrayAccess> 
																		<Id: d> 
																		<IntConst: 0> 
																	<BinaryExpr> 
																		<ADD> 
																		<Id: r> 
																		<Id: c> 
																<BinaryExpr> 
																	<ASSIGN> 
																	<ArrayAccess> 
																		<ArrayAccess> 
																			<Id: d> 
																			<IntConst: 1> 
																		<BinaryExpr> 
																			<SUB> 
																			<BinaryExpr> 
																				<SUB> 
																				<BinaryExpr> 
																					<ADD> 
																					<Id: r> 
																					<Id: N> 
																				<IntConst: 1> 
																			<Id: c> 
																	<IntConst: 0> 
		<FunctionDef> 
			<IntType> 
			<Id: main> 
					<FunctionCall> 
						<Id: search> 
						<ExprList> 
							<IntConst: 0> 
					<ReturnStmt> 
						<IntConst: 0> 
